cargo :    Compiling harness-cli v0.1.0 (E:\General-harness\crates\harness-cli)
At line:1 char:325
+ ... ; cd E:\General-harness; cargo build --bin i7-acceptance 2>&1 | Out-F ...
+                              ~~~~~~~~~~~~~~~~~~~~~~~~~~~~~~~~~~~~
    + CategoryInfo          : NotSpecified: (   Compiling ha...es\harness-cli):String) [], RemoteException
    + FullyQualifiedErrorId : NativeCommandError
 
error[E0433]: cannot find module or crate `windows_sys` in this scope
    --> crates\harness-cli\src\bin\i7_acceptance.rs:1023:17
     |
1023 |             use windows_sys::Win32::Foundation::HANDLE;
     |                 ^^^^^^^^^^^ use of unresolved module or unlinked crate `windows_sys`
     |
     = help: if you wanted to use a crate named `windows_sys`, use `cargo add windows_sys` to add it to your `Cargo.toml`

error[E0433]: cannot find module or crate `windows_sys` in this scope
    --> crates\harness-cli\src\bin\i7_acceptance.rs:1024:17
     |
1024 |             use windows_sys::Win32::System::Threading::{
     |                 ^^^^^^^^^^^ use of unresolved module or unlinked crate `windows_sys`
     |
     = help: if you wanted to use a crate named `windows_sys`, use `cargo add windows_sys` to add it to your `Cargo.toml`

error[E0433]: cannot find module or crate `windows_sys` in this scope
    --> crates\harness-cli\src\bin\i7_acceptance.rs:1027:17
     |
1027 |             use windows_sys::Win32::Foundation::WAIT_TIMEOUT;
     |                 ^^^^^^^^^^^ use of unresolved module or unlinked crate `windows_sys`
     |
     = help: if you wanted to use a crate named `windows_sys`, use `cargo add windows_sys` to add it to your `Cargo.toml`

warning: unused imports: `FileScope`, `TaskBudget`, and `TaskEnvelope`
  --> crates\harness-cli\src\bin\i7_acceptance.rs:26:46
   |
26 | use harness_core::contracts::task_envelope::{FileScope, TaskBudget, TaskEnvelope};
   |                                              ^^^^^^^^^  ^^^^^^^^^^  ^^^^^^^^^^^^
   |
   = note: `#[warn(unused_imports)]` (part of `#[warn(unused)]`) on by default

warning: unused import: `std::os::windows::io::RawHandle`
    --> crates\harness-cli\src\bin\i7_acceptance.rs:1021:13
     |
1021 |         use std::os::windows::io::RawHandle;
     |             ^^^^^^^^^^^^^^^^^^^^^^^^^^^^^^^

error: usage of an `unsafe` block
    --> crates\harness-cli\src\bin\i7_acceptance.rs:1022:9
     |
1022 | /         unsafe {
1023 | |             use windows_sys::Win32::Foundation::HANDLE;
1024 | |             use windows_sys::Win32::System::Threading::{
1025 | |                 OpenProcess, WaitForSingleObject, PROCESS_QUERY_LIMITED_INFORMATION,
...    |
1038 | |             result != 0
1039 | |         }
     | |_________^
     |
     = note: requested on the command line with `-D unsafe-code`

error[E0277]: `?` couldn't convert the error to `std::string::String`
   --> crates\harness-cli\src\bin\i7_acceptance.rs:354:40
    |
354 |     std::fs::create_dir_all(&smoke_dir)?;
    |     -----------------------------------^ the trait `From<std::io::Error>` is not implemented for `std::string::String`
    |     |
    |     this can't be annotated with `?` because it has type `Result<_, std::io::Error>`
    |
    = note: the question mark operation (`?`) implicitly performs a conversion on the error value using the `From` trait
    = help: the following other types implement trait `From<T>`:
              `std::string::String` implements `From<&mut str>`
              `std::string::String` implements `From<&std::string::String>`
              `std::string::String` implements `From<&str>`
              `std::string::String` implements `From<Box<str>>`
              `std::string::String` implements `From<Cow<'_, str>>`
              `std::string::String` implements `From<Uuid>`
              `std::string::String` implements `From<char>`
              `std::string::String` implements `From<url::Url>`

error[E0277]: `?` couldn't convert the error to `std::string::String`
   --> crates\harness-cli\src\bin\i7_acceptance.rs:361:40
    |
361 |     std::fs::create_dir_all(&test_repo)?;
    |     -----------------------------------^ the trait `From<std::io::Error>` is not implemented for `std::string::String`
    |     |
    |     this can't be annotated with `?` because it has type `Result<_, std::io::Error>`
    |
    = note: the question mark operation (`?`) implicitly performs a conversion on the error value using the `From` trait
    = help: the following other types implement trait `From<T>`:
              `std::string::String` implements `From<&mut str>`
              `std::string::String` implements `From<&std::string::String>`
              `std::string::String` implements `From<&str>`
              `std::string::String` implements `From<Box<str>>`
              `std::string::String` implements `From<Cow<'_, str>>`
              `std::string::String` implements `From<Uuid>`
              `std::string::String` implements `From<char>`
              `std::string::String` implements `From<url::Url>`

error[E0277]: `?` couldn't convert the error to `std::string::String`
   --> crates\harness-cli\src\bin\i7_acceptance.rs:363:73
    |
363 |     std::fs::write(test_repo.join("README.md"), "# I7 Provider Smoke\n")?;
    |     --------------------------------------------------------------------^ the trait `From<std::io::Error>` is not implemented for `std::string::String`
    |     |
    |     this can't be annotated with `?` because it has type `Result<_, std::io::Error>`
    |
    = note: the question mark operation (`?`) implicitly performs a conversion on the error value using the `From` trait
    = help: the following other types implement trait `From<T>`:
              `std::string::String` implements `From<&mut str>`
              `std::string::String` implements `From<&std::string::String>`
              `std::string::String` implements `From<&str>`
              `std::string::String` implements `From<Box<str>>`
              `std::string::String` implements `From<Cow<'_, str>>`
              `std::string::String` implements `From<Uuid>`
              `std::string::String` implements `From<char>`
              `std::string::String` implements `From<url::Url>`

error[E0277]: `?` couldn't convert the error to `std::string::String`
   --> crates\harness-cli\src\bin\i7_acceptance.rs:503:60
    |
503 |             serde_json::to_string_pretty(&invocations_json)?,
    |             -----------------------------------------------^ the trait `From<serde_json::Error>` is not implemented for `std::string::String`
    |             |
    |             this can't be annotated with `?` because it has type `Result<_, serde_json::Error>`
    |
    = note: the question mark operation (`?`) implicitly performs a conversion on the error value using the `From` trait
    = help: the following other types implement trait `From<T>`:
              `std::string::String` implements `From<&mut str>`
              `std::string::String` implements `From<&std::string::String>`
              `std::string::String` implements `From<&str>`
              `std::string::String` implements `From<Box<str>>`
              `std::string::String` implements `From<Cow<'_, str>>`
              `std::string::String` implements `From<Uuid>`
              `std::string::String` implements `From<char>`
              `std::string::String` implements `From<url::Url>`

error[E0277]: `?` couldn't convert the error to `std::string::String`
   --> crates\harness-cli\src\bin\i7_acceptance.rs:504:10
    |
501 | /         std::fs::write(
502 | |             smoke_dir.join("planner-invocations.json"),
503 | |             serde_json::to_string_pretty(&invocations_json)?,
504 | |         )?;
    | |         -^ the trait `From<std::io::Error>` is not implemented for `std::string::String`
    | |_________|
    |           this can't be annotated with `?` because it has type `Result<_, std::io::Error>`
    |
    = note: the question mark operation (`?`) implicitly performs a conversion on the error value using the `From` trait
    = help: the following other types implement trait `From<T>`:
              `std::string::String` implements `From<&mut str>`
              `std::string::String` implements `From<&std::string::String>`
              `std::string::String` implements `From<&str>`
              `std::string::String` implements `From<Box<str>>`
              `std::string::String` implements `From<Cow<'_, str>>`
              `std::string::String` implements `From<Uuid>`
              `std::string::String` implements `From<char>`
              `std::string::String` implements `From<url::Url>`

error[E0277]: `?` couldn't convert the error to `std::string::String`
   --> crates\harness-cli\src\bin\i7_acceptance.rs:531:57
    |
531 |         serde_json::to_string_pretty(&provider_evidence)?,
    |         ------------------------------------------------^ the trait `From<serde_json::Error>` is not implemented for `std::string::String`
    |         |
    |         this can't be annotated with `?` because it has type `Result<_, serde_json::Error>`
    |
    = note: the question mark operation (`?`) implicitly performs a conversion on the error value using the `From` trait
    = help: the following other types implement trait `From<T>`:
              `std::string::String` implements `From<&mut str>`
              `std::string::String` implements `From<&std::string::String>`
              `std::string::String` implements `From<&str>`
              `std::string::String` implements `From<Box<str>>`
              `std::string::String` implements `From<Cow<'_, str>>`
              `std::string::String` implements `From<Uuid>`
              `std::string::String` implements `From<char>`
              `std::string::String` implements `From<url::Url>`

error[E0277]: `?` couldn't convert the error to `std::string::String`
   --> crates\harness-cli\src\bin\i7_acceptance.rs:532:6
    |
529 | /     std::fs::write(
530 | |         smoke_dir.join("single-profile-real-provider-smoke.json"),
531 | |         serde_json::to_string_pretty(&provider_evidence)?,
532 | |     )?;
    | |     -^ the trait `From<std::io::Error>` is not implemented for `std::string::String`
    | |_____|
    |       this can't be annotated with `?` because it has type `Result<_, std::io::Error>`
    |
    = note: the question mark operation (`?`) implicitly performs a conversion on the error value using the `From` trait
    = help: the following other types implement trait `From<T>`:
              `std::string::String` implements `From<&mut str>`
              `std::string::String` implements `From<&std::string::String>`
              `std::string::String` implements `From<&str>`
              `std::string::String` implements `From<Box<str>>`
              `std::string::String` implements `From<Cow<'_, str>>`
              `std::string::String` implements `From<Uuid>`
              `std::string::String` implements `From<char>`
              `std::string::String` implements `From<url::Url>`

error[E0277]: `?` couldn't convert the error to `std::string::String`
   --> crates\harness-cli\src\bin\i7_acceptance.rs:540:47
    |
540 |     for entry in std::fs::read_dir(&smoke_dir)? {
    |                  -----------------------------^ the trait `From<std::io::Error>` is not implemented for `std::string::String`
    |                  |
    |                  this can't be annotated with `?` because it has type `Result<_, std::io::Error>`
    |
    = note: the question mark operation (`?`) implicitly performs a conversion on the error value using the `From` trait
    = help: the following other types implement trait `From<T>`:
              `std::string::String` implements `From<&mut str>`
              `std::string::String` implements `From<&std::string::String>`
              `std::string::String` implements `From<&str>`
              `std::string::String` implements `From<Box<str>>`
              `std::string::String` implements `From<Cow<'_, str>>`
              `std::string::String` implements `From<Uuid>`
              `std::string::String` implements `From<char>`
              `std::string::String` implements `From<url::Url>`

error[E0277]: `?` couldn't convert the error to `std::string::String`
   --> crates\harness-cli\src\bin\i7_acceptance.rs:541:26
    |
541 |         let entry = entry?;
    |                     -----^ the trait `From<std::io::Error>` is not implemented for `std::string::String`
    |                     |
    |                     this can't be annotated with `?` because it has type `Result<_, std::io::Error>`
    |
    = note: the question mark operation (`?`) implicitly performs a conversion on the error value using the `From` trait
    = help: the following other types implement trait `From<T>`:
              `std::string::String` implements `From<&mut str>`
              `std::string::String` implements `From<&std::string::String>`
              `std::string::String` implements `From<&str>`
              `std::string::String` implements `From<Box<str>>`
              `std::string::String` implements `From<Cow<'_, str>>`
              `std::string::String` implements `From<Uuid>`
              `std::string::String` implements `From<char>`
              `std::string::String` implements `From<url::Url>`

error[E0277]: `?` couldn't convert the error to `std::string::String`
   --> crates\harness-cli\src\bin\i7_acceptance.rs:547:14
    |
544 | /             std::fs::copy(
545 | |                 entry.path(),
546 | |                 work_dir.join("evidence").join(&name),
547 | |             )?;
    | |             -^ the trait `From<std::io::Error>` is not implemented for `std::string::String`
    | |_____________|
    |               this can't be annotated with `?` because it has type `Result<_, std::io::Error>`
    |
    = note: the question mark operation (`?`) implicitly performs a conversion on the error value using the `From` trait
    = help: the following other types implement trait `From<T>`:
              `std::string::String` implements `From<&mut str>`
              `std::string::String` implements `From<&std::string::String>`
              `std::string::String` implements `From<&str>`
              `std::string::String` implements `From<Box<str>>`
              `std::string::String` implements `From<Cow<'_, str>>`
              `std::string::String` implements `From<Uuid>`
              `std::string::String` implements `From<char>`
              `std::string::String` implements `From<url::Url>`

error[E0277]: `?` couldn't convert the error to `std::string::String`
   --> crates\harness-cli\src\bin\i7_acceptance.rs:569:37
    |
569 |     std::fs::create_dir_all(&ct_dir)?;
    |     --------------------------------^ the trait `From<std::io::Error>` is not implemented for `std::string::String`
    |     |
    |     this can't be annotated with `?` because it has type `Result<_, std::io::Error>`
    |
    = note: the question mark operation (`?`) implicitly performs a conversion on the error value using the `From` trait
    = help: the following other types implement trait `From<T>`:
              `std::string::String` implements `From<&mut str>`
              `std::string::String` implements `From<&std::string::String>`
              `std::string::String` implements `From<&str>`
              `std::string::String` implements `From<Box<str>>`
              `std::string::String` implements `From<Cow<'_, str>>`
              `std::string::String` implements `From<Uuid>`
              `std::string::String` implements `From<char>`
              `std::string::String` implements `From<url::Url>`

error[E0277]: `?` couldn't convert the error to `std::string::String`
   --> crates\harness-cli\src\bin\i7_acceptance.rs:579:40
    |
579 |     std::fs::create_dir_all(&test_repo)?;
    |     -----------------------------------^ the trait `From<std::io::Error>` is not implemented for `std::string::String`
    |     |
    |     this can't be annotated with `?` because it has type `Result<_, std::io::Error>`
    |
    = note: the question mark operation (`?`) implicitly performs a conversion on the error value using the `From` trait
    = help: the following other types implement trait `From<T>`:
              `std::string::String` implements `From<&mut str>`
              `std::string::String` implements `From<&std::string::String>`
              `std::string::String` implements `From<&str>`
              `std::string::String` implements `From<Box<str>>`
              `std::string::String` implements `From<Cow<'_, str>>`
              `std::string::String` implements `From<Uuid>`
              `std::string::String` implements `From<char>`
              `std::string::String` implements `From<url::Url>`

error[E0277]: `?` couldn't convert the error to `std::string::String`
   --> crates\harness-cli\src\bin\i7_acceptance.rs:581:69
    |
581 |     std::fs::write(test_repo.join("README.md"), "# I7 Crash Test\n")?;
    |     ----------------------------------------------------------------^ the trait `From<std::io::Error>` is not implemented for `std::string::String`
    |     |
    |     this can't be annotated with `?` because it has type `Result<_, std::io::Error>`
    |
    = note: the question mark operation (`?`) implicitly performs a conversion on the error value using the `From` trait
    = help: the following other types implement trait `From<T>`:
              `std::string::String` implements `From<&mut str>`
              `std::string::String` implements `From<&std::string::String>`
              `std::string::String` implements `From<&str>`
              `std::string::String` implements `From<Box<str>>`
              `std::string::String` implements `From<Cow<'_, str>>`
              `std::string::String` implements `From<Uuid>`
              `std::string::String` implements `From<char>`
              `std::string::String` implements `From<url::Url>`

error[E0308]: mismatched types
    --> crates\harness-cli\src\bin\i7_acceptance.rs:656:49
     |
 656 |         if let Ok(Some(inst)) = check_ipc_ready(&db_path, state_dir_a).await {
     |                                 --------------- ^^^^^^^^ expected `&str`, found `&PathBuf`
     |                                 |
     |                                 arguments to this function are incorrect
     |
     = note: expected reference `&str`
                found reference `&PathBuf`
note: function defined here
    --> crates\harness-cli\src\bin\i7_acceptance.rs:1054:10
     |
1054 | async fn check_ipc_ready(
     |          ^^^^^^^^^^^^^^^
1055 |     db_path: &str,
     |     -------------

error[E0308]: mismatched types
    --> crates\harness-cli\src\bin\i7_acceptance.rs:755:49
     |
 755 |         if let Ok(Some(inst)) = check_ipc_ready(&db_path, state_dir_b).await {
     |                                 --------------- ^^^^^^^^ expected `&str`, found `&PathBuf`
     |                                 |
     |                                 arguments to this function are incorrect
     |
     = note: expected reference `&str`
                found reference `&PathBuf`
note: function defined here
    --> crates\harness-cli\src\bin\i7_acceptance.rs:1054:10
     |
1054 | async fn check_ipc_ready(
     |          ^^^^^^^^^^^^^^^
1055 |     db_path: &str,
     |     -------------

error[E0277]: `?` couldn't convert the error to `std::string::String`
   --> crates\harness-cli\src\bin\i7_acceptance.rs:840:51
    |
840 |         serde_json::to_string_pretty(&ct_evidence)?,
    |         ------------------------------------------^ the trait `From<serde_json::Error>` is not implemented for `std::string::String`
    |         |
    |         this can't be annotated with `?` because it has type `Result<_, serde_json::Error>`
    |
    = note: the question mark operation (`?`) implicitly performs a conversion on the error value using the `From` trait
    = help: the following other types implement trait `From<T>`:
              `std::string::String` implements `From<&mut str>`
              `std::string::String` implements `From<&std::string::String>`
              `std::string::String` implements `From<&str>`
              `std::string::String` implements `From<Box<str>>`
              `std::string::String` implements `From<Cow<'_, str>>`
              `std::string::String` implements `From<Uuid>`
              `std::string::String` implements `From<char>`
              `std::string::String` implements `From<url::Url>`

error[E0277]: `?` couldn't convert the error to `std::string::String`
   --> crates\harness-cli\src\bin\i7_acceptance.rs:841:6
    |
838 | /     std::fs::write(
839 | |         ct_dir.join("takeover.json"),
840 | |         serde_json::to_string_pretty(&ct_evidence)?,
841 | |     )?;
    | |     -^ the trait `From<std::io::Error>` is not implemented for `std::string::String`
    | |_____|
    |       this can't be annotated with `?` because it has type `Result<_, std::io::Error>`
    |
    = note: the question mark operation (`?`) implicitly performs a conversion on the error value using the `From` trait
    = help: the following other types implement trait `From<T>`:
              `std::string::String` implements `From<&mut str>`
              `std::string::String` implements `From<&std::string::String>`
              `std::string::String` implements `From<&str>`
              `std::string::String` implements `From<Box<str>>`
              `std::string::String` implements `From<Cow<'_, str>>`
              `std::string::String` implements `From<Uuid>`
              `std::string::String` implements `From<char>`
              `std::string::String` implements `From<url::Url>`

error[E0277]: `?` couldn't convert the error to `std::string::String`
   --> crates\harness-cli\src\bin\i7_acceptance.rs:844:44
    |
844 |     for entry in std::fs::read_dir(&ct_dir)? {
    |                  --------------------------^ the trait `From<std::io::Error>` is not implemented for `std::string::String`
    |                  |
    |                  this can't be annotated with `?` because it has type `Result<_, std::io::Error>`
    |
    = note: the question mark operation (`?`) implicitly performs a conversion on the error value using the `From` trait
    = help: the following other types implement trait `From<T>`:
              `std::string::String` implements `From<&mut str>`
              `std::string::String` implements `From<&std::string::String>`
              `std::string::String` implements `From<&str>`
              `std::string::String` implements `From<Box<str>>`
              `std::string::String` implements `From<Cow<'_, str>>`
              `std::string::String` implements `From<Uuid>`
              `std::string::String` implements `From<char>`
              `std::string::String` implements `From<url::Url>`

error[E0277]: `?` couldn't convert the error to `std::string::String`
   --> crates\harness-cli\src\bin\i7_acceptance.rs:845:26
    |
845 |         let entry = entry?;
    |                     -----^ the trait `From<std::io::Error>` is not implemented for `std::string::String`
    |                     |
    |                     this can't be annotated with `?` because it has type `Result<_, std::io::Error>`
    |
    = note: the question mark operation (`?`) implicitly performs a conversion on the error value using the `From` trait
    = help: the following other types implement trait `From<T>`:
              `std::string::String` implements `From<&mut str>`
              `std::string::String` implements `From<&std::string::String>`
              `std::string::String` implements `From<&str>`
              `std::string::String` implements `From<Box<str>>`
              `std::string::String` implements `From<Cow<'_, str>>`
              `std::string::String` implements `From<Uuid>`
              `std::string::String` implements `From<char>`
              `std::string::String` implements `From<url::Url>`

error[E0277]: `?` couldn't convert the error to `std::string::String`
   --> crates\harness-cli\src\bin\i7_acceptance.rs:851:14
    |
848 | /             std::fs::copy(
849 | |                 entry.path(),
850 | |                 work_dir.join("evidence").join(&name),
851 | |             )?;
    | |             -^ the trait `From<std::io::Error>` is not implemented for `std::string::String`
    | |_____________|
    |               this can't be annotated with `?` because it has type `Result<_, std::io::Error>`
    |
    = note: the question mark operation (`?`) implicitly performs a conversion on the error value using the `From` trait
    = help: the following other types implement trait `From<T>`:
              `std::string::String` implements `From<&mut str>`
              `std::string::String` implements `From<&std::string::String>`
              `std::string::String` implements `From<&str>`
              `std::string::String` implements `From<Box<str>>`
              `std::string::String` implements `From<Cow<'_, str>>`
              `std::string::String` implements `From<Uuid>`
              `std::string::String` implements `From<char>`
              `std::string::String` implements `From<url::Url>`

error[E0277]: `?` couldn't convert the error to `std::string::String`
   --> crates\harness-cli\src\bin\i7_acceptance.rs:947:44
    |
947 |         serde_json::to_string_pretty(&cert)?,
    |         -----------------------------------^ the trait `From<serde_json::Error>` is not implemented for `std::string::String`
    |         |
    |         this can't be annotated with `?` because it has type `Result<_, serde_json::Error>`
    |
    = note: the question mark operation (`?`) implicitly performs a conversion on the error value using the `From` trait
    = help: the following other types implement trait `From<T>`:
              `std::string::String` implements `From<&mut str>`
              `std::string::String` implements `From<&std::string::String>`
              `std::string::String` implements `From<&str>`
              `std::string::String` implements `From<Box<str>>`
              `std::string::String` implements `From<Cow<'_, str>>`
              `std::string::String` implements `From<Uuid>`
              `std::string::String` implements `From<char>`
              `std::string::String` implements `From<url::Url>`

error[E0277]: `?` couldn't convert the error to `std::string::String`
   --> crates\harness-cli\src\bin\i7_acceptance.rs:948:6
    |
945 | /     std::fs::write(
946 | |         evidence_dir.join("independent-certification.json"),
947 | |         serde_json::to_string_pretty(&cert)?,
948 | |     )?;
    | |     -^ the trait `From<std::io::Error>` is not implemented for `std::string::String`
    | |_____|
    |       this can't be annotated with `?` because it has type `Result<_, std::io::Error>`
    |
    = note: the question mark operation (`?`) implicitly performs a conversion on the error value using the `From` trait
    = help: the following other types implement trait `From<T>`:
              `std::string::String` implements `From<&mut str>`
              `std::string::String` implements `From<&std::string::String>`
              `std::string::String` implements `From<&str>`
              `std::string::String` implements `From<Box<str>>`
              `std::string::String` implements `From<Cow<'_, str>>`
              `std::string::String` implements `From<Uuid>`
              `std::string::String` implements `From<char>`
              `std::string::String` implements `From<url::Url>`

Some errors have detailed explanations: E0277, E0308, E0433.
For more information about an error, try `rustc --explain E0277`.
warning: `harness-cli` (bin "i7-acceptance") generated 2 warnings
error: could not compile `harness-cli` (bin "i7-acceptance") due to 26 previous errors; 2 warnings emitted
