cargo :    Compiling harness-runtime v0.1.0 (E:\General-harness\crates\harness-runtime)
At line:1 char:325
+ ... ch {} } }; cd E:\General-harness; cargo test --workspace 2>&1 | Out-F ...
+                                       ~~~~~~~~~~~~~~~~~~~~~~~~~~~
    + CategoryInfo          : NotSpecified: (   Compiling ha...arness-runtime):String) [], RemoteException
    + FullyQualifiedErrorId : NativeCommandError
 
   Compiling harness-adapters v0.1.0 (E:\General-harness\crates\harness-adapters)
   Compiling harness-cli v0.1.0 (E:\General-harness\crates\harness-cli)
    Finished `test` profile [unoptimized + debuginfo] target(s) in 54.63s
     Running unittests src\lib.rs (target\debug\deps\harness_adapters-c81200176af51ca9.exe)

running 10 tests
test fake::reviewer::tests::test_fake_reviewer_blocked ... ok
test fake::reviewer::tests::test_fake_reviewer_approved ... ok
test fake::reviewer::tests::test_fake_reviewer_garbage ... ok
test fake::adapter::tests::test_fake_adapter_detect ... ok
test contract_test::tests::fake_adapter_dispose_idempotent ... ok
test fake::reviewer::tests::test_fake_reviewer_crash ... ok
test fake::reviewer::tests::test_fake_reviewer_rejected ... ok
test fake::reviewer::tests::test_fake_reviewer_rogue ... ok
test fake::adapter::tests::test_fake_adapter_successful_execution ... ok
test contract_test::tests::fake_adapter_passes_all_contract_tests ... ok

test result: ok. 10 passed; 0 failed; 0 ignored; 0 measured; 0 filtered out; finished in 0.00s

     Running tests\adapter_integration_tests.rs (target\debug\deps\adapter_integration_tests-ba011579dc323f59.exe)

running 46 tests
test claude_tests::test_claude_no_hardcoded_model ... ok
test claude_tests::test_claude_no_hardcoded_provider_or_base_url ... ok
test claude_tests::test_claude_malformed_event_diagnostic ... ok
test claude_tests::test_claude_args_from_profile ... ok
test claude_tests::test_claude_final_result ... ok
test claude_tests::test_claude_stream_event_mapping ... ok
test claude_tests::test_claude_process_exit ... ok
test claude_tests::test_claude_nonzero_exit ... ok
test codex_tests::test_codex_no_hardcoded_model ... ok
test codex_tests::test_codex_no_hardcoded_service_tier ... ok
test claude_tests::test_claude_exactly_one_terminal_outcome ... ok
test claude_tests::test_claude_unknown_event_to_raw_vendor ... ok
test claude_tests::test_claude_stdout_flood_no_deadlock ... ok
test codex_tests::test_codex_final_result ... ok
test claude_tests::test_claude_working_directory ... ok
test codex_tests::test_codex_exactly_one_terminal_outcome ... ok
test codex_tests::test_codex_malformed_json_diagnostic ... ok
test codex_tests::test_codex_exec_json_args ... ok
test parser_tests::test_claude_parse_error ... ok
test parser_tests::test_claude_parse_assistant_text ... ok
test parser_tests::test_claude_parse_malformed_json ... ok
test parser_tests::test_claude_parse_result ... ok
test parser_tests::test_claude_parse_system_init ... ok
test parser_tests::test_claude_parse_tool_result ... ok
test parser_tests::test_claude_parse_tool_use ... ok
test parser_tests::test_claude_parse_unknown_type ... ok
test parser_tests::test_codex_parse_item_message ... ok
test parser_tests::test_codex_parse_malformed_json ... ok
test parser_tests::test_codex_parse_thread_started ... ok
test parser_tests::test_codex_parse_tool_result ... ok
test parser_tests::test_codex_parse_tool_use ... ok
test parser_tests::test_codex_parse_turn_failed ... ok
test parser_tests::test_codex_parse_turn_completed ... ok
test parser_tests::test_codex_parse_unknown_type ... ok
test codex_tests::test_codex_process_exit ... ok
test codex_tests::test_codex_unknown_event_to_raw_vendor ... ok
test codex_tests::test_codex_nonzero_exit ... ok
test codex_tests::test_codex_working_directory ... ok
test claude_tests::test_claude_external_cancellation ... ok
test codex_tests::test_codex_stream_event_mapping ... ok
test codex_tests::test_codex_cancellation ... ok
test codex_tests::test_codex_stdout_flood_no_deadlock ... ok
test claude_tests::test_claude_sink_close_cancels_process ... ok
test codex_tests::test_codex_sink_close_cancels_process ... ok
test claude_tests::test_claude_timeout ... ok
test codex_tests::test_codex_timeout ... ok

test result: ok. 46 passed; 0 failed; 0 ignored; 0 measured; 0 filtered out; finished in 2.28s

     Running tests\golden_path_minimal.rs (target\debug\deps\golden_path_minimal-bf81060efac60956.exe)

running 4 tests
test illegal_transition_rejected ... ok
test golden_path_task_success ... ok
test cancel_does_not_affect_other_executions ... ok
test golden_path_task_failure_with_retry ... ok

test result: ok. 4 passed; 0 failed; 0 ignored; 0 measured; 0 filtered out; finished in 0.00s

     Running unittests src\main.rs (target\debug\deps\harness-7bc922d10c73bf7f.exe)

running 2 tests
test commands::evidence::tests::test_scan_forbidden_phrases_allows_old_finding ... ok
test commands::evidence::tests::test_scan_forbidden_phrases_detects_deferred ... ok

test result: ok. 2 passed; 0 failed; 0 ignored; 0 measured; 0 filtered out; finished in 0.00s

     Running unittests src\bin\i7_acceptance.rs (target\debug\deps\i7_acceptance-986080f056973ed9.exe)

running 0 tests

test result: ok. 0 passed; 0 failed; 0 ignored; 0 measured; 0 filtered out; finished in 0.00s

     Running unittests src\bin\process-supervisor-spike.rs (target\debug\deps\process_supervisor_spike-0167c741df34a0ce.exe)

running 0 tests

test result: ok. 0 passed; 0 failed; 0 ignored; 0 measured; 0 filtered out; finished in 0.00s

     Running tests\cli_binary_e2e_tests.rs (target\debug\deps\cli_binary_e2e_tests-ff56a98fa463ef4f.exe)

running 8 tests
test binary_nonexistent_loop_error ... ok
test binary_cancel ... ok
test binary_secret_redaction ... ok
test binary_dry_run_zero_writes ... ok
test binary_start_and_status ... ok
test binary_inspect_json ... ok
test binary_start_replay_idempotent ... ok
test binary_resume_idempotent ... ok

test result: ok. 8 passed; 0 failed; 0 ignored; 0 measured; 0 filtered out; finished in 3.38s

     Running tests\cli_integration_tests.rs (target\debug\deps\cli_integration_tests-1d8d59613b73fe02.exe)

running 7 tests
test test_cli_cancel_loop ... ok
test test_cli_start_idempotent ... ok
test test_cli_nonexistent_loop_error ... ok
test test_cli_start_creates_loop ... ok
test test_cli_resume_idempotent ... ok
test test_cli_inspect_shows_facts ... ok
test test_cli_dry_run_zero_writes ... ok

test result: ok. 7 passed; 0 failed; 0 ignored; 0 measured; 0 filtered out; finished in 0.47s

     Running unittests src\lib.rs (target\debug\deps\harness_core-30d328f761a184a0.exe)

running 147 tests
test contracts::commit::tests::test_build_message_with_trailers ... ok
test contracts::candidate::tests::test_base_commit_changes_digest ... ok
test contracts::candidate::tests::test_task_spec_changes_digest ... ok
test contracts::candidate::tests::test_composite_digest_deterministic ... ok
test contracts::goal::tests::test_budget_exhausted_agent ... ok
test contracts::commit::tests::test_commit_state_terminal ... ok
test contracts::candidate::tests::test_evidence_changes_digest ... ok
test contracts::commit::tests::test_commit_request_different_message_different_digest ... ok
test contracts::goal::tests::test_budget_exhausted_evaluator ... ok
test contracts::goal::tests::test_budget_exhausted_planner ... ok
test contracts::commit::tests::test_commit_request_idempotency_digest_deterministic ... ok
test contracts::goal::tests::test_budget_default_not_exhausted ... ok
test contracts::goal::tests::test_budget_exhausted_plan_revisions ... ok
test contracts::candidate::tests::test_composite_digest_diff_changes_digest ... ok
test contracts::goal::tests::test_goal_state_terminal ... ok
test contracts::goal::tests::test_goal_state_can_dispatch ... ok
test contracts::integration::tests::test_integration_state_terminal ... ok
test contracts::goal::tests::test_goal_state_as_str ... ok
test contracts::integration::tests::test_queue_scope ... ok
test contracts::goal::tests::test_subjectivity_requires_human ... ok
test contracts::integration::tests::test_recoverable_states ... ok
test contracts::integration::tests::test_validate_target_ref_invalid ... ok
test contracts::goal::tests::test_budget_exhausted_total_tasks ... ok
test contracts::plan::tests::test_dag_empty ... ok
test contracts::plan::tests::test_dag_cycle_detected ... ok
test contracts::plan::tests::test_dag_self_loop ... ok
test contracts::integration::tests::test_validate_target_ref_valid ... ok
test contracts::plan::tests::test_plan_state_terminal ... ok
test contracts::plan::tests::test_risk_level_from_str ... ok
test contracts::plan::tests::test_plan_state_transitions ... ok
test contracts::plan::tests::test_dag_no_cycles_simple ... ok
test contracts::plan::tests::test_task_fingerprint_deterministic ... ok
test contracts::plan::tests::test_task_fingerprint_different_objective ... ok
test contracts::review::tests::test_approved_candidate_validity ... ok
test contracts::review::tests::test_finding_severity_ordering ... ok
test contracts::review::tests::test_review_state_terminal ... ok
test contracts::review::tests::test_dossier_digest_deterministic ... ok
test contracts::review::tests::test_reviewer_output_has_findings ... ok
test contracts::review::tests::test_reviewer_output_no_findings ... ok
test contracts::review::tests::test_reviewer_output_parse_approved ... ok
test contracts::review::tests::test_reviewer_output_parse_bad_decision ... ok
test contracts::review::tests::test_reviewer_output_parse_rejected ... ok
test policies::file_scope::tests::test_git_dir_blocked ... ok
test policies::file_scope::tests::test_in_scope ... ok
test policies::file_scope::tests::test_path_escape ... ok
test resource_claim::engine::tests::test_detect_conflicting_active_invariant ... ok
test resource_claim::engine::tests::test_component_prefix_confusion_no_overlap ... ok
test resource_claim::engine::tests::test_detect_no_false_positive_for_compatible ... ok
test resource_claim::engine::tests::test_different_repositories_no_overlap ... ok
test resource_claim::engine::tests::test_exact_inside_directory_overlap ... ok
test resource_claim::engine::tests::test_exact_different_no_overlap ... ok
test resource_claim::engine::tests::test_directory_ancestor_descendant ... ok
test resource_claim::engine::tests::test_exact_same_overlap ... ok
test resource_claim::engine::tests::test_logical_vs_path_no_conflict ... ok
test resource_claim::engine::tests::test_invalid_spec_rejected ... ok
test resource_claim::engine::tests::test_logical_different_key_no_conflict ... ok
test resource_claim::engine::tests::test_logical_same_key_conflict ... ok
test resource_claim::engine::tests::test_windows_case_behavior ... ok
test resource_claim::engine::tests::test_read_read_compatible ... ok
test resource_claim::engine::tests::test_repo_wide_overlap ... ok
test resource_claim::engine::tests::test_unicode_normalization_consistency ... ok
test resource_claim::engine::tests::test_multiple_readers_compatible ... ok
test resource_claim::engine::tests::test_mixed_readers_and_writer ... ok
test resource_claim::engine::tests::test_write_write_conflict ... ok
test resource_claim::normalize::tests::test_component_prefix_true ... ok
test resource_claim::normalize::tests::test_basic_normalization ... ok
test resource_claim::engine::tests::test_read_write_conflict ... ok
test resource_claim::normalize::tests::test_component_prefix_false_substring ... ok
test resource_claim::normalize::tests::test_component_prefix_shorter ... ok
test resource_claim::normalize::tests::test_nested_dirs ... ok
test resource_claim::normalize::tests::test_component_leading_trailing_space_rejected ... ok
test resource_claim::normalize::tests::test_empty_rejected ... ok
test resource_claim::normalize::tests::test_component_prefix_same ... ok
test resource_claim::normalize::tests::test_long_component_rejected ... ok
test resource_claim::normalize::tests::test_parent ... ok
test resource_claim::normalize::tests::test_dot_component_removed ... ok
test resource_claim::normalize::tests::test_reserved_device_rejected ... ok
test resource_claim::normalize::tests::test_reserved_device_trailing_dots ... ok
test resource_claim::normalize::tests::test_traversal_rejected ... ok
test resource_claim::normalize::tests::test_reserved_device_with_extension_rejected ... ok
test resource_claim::normalize::tests::test_unicode_normalization ... ok
test resource_claim::normalize::tests::test_separator_normalization ... ok
test resource_claim::normalize::tests::test_trailing_slash ... ok
test resource_claim::normalize::tests::test_windows_ads_rejected ... ok
test resource_claim::normalize::tests::test_windows_case_lowercase ... ok
test resource_claim::spec::tests::test_claim_group_record_roundtrip ... ok
test resource_claim::spec::tests::test_directory_prefix_spec ... ok
test resource_claim::spec::tests::test_duplicate_normalization ... ok
test resource_claim::spec::tests::test_exact_file_spec ... ok
test resource_claim::spec::tests::test_directory_subsumes_exact ... ok
test resource_claim::spec::tests::test_empty_group_rejected ... ok
test resource_claim::spec::tests::test_invalid_resource_path_rejected ... ok
test resource_claim::spec::tests::test_logical_spec ... ok
test resource_claim::spec::tests::test_read_upgraded_to_write ... ok
test resource_claim::spec::tests::test_repository_wide_spec ... ok
test state_machine::commit_fsm::tests::test_requested_to_blocked ... ok
test state_machine::commit_fsm::tests::test_cancelled_from_any_non_terminal ... ok
test state_machine::commit_fsm::tests::test_terminal_no_transitions ... ok
test resource_claim::spec::tests::test_stable_request_hash ... ok
test state_machine::commit_fsm::tests::test_no_skip_materializing ... ok
test state_machine::commit_fsm::tests::test_no_created_to_failed ... ok
test state_machine::commit_fsm::tests::test_valid_path_to_failed ... ok
test state_machine::execution_fsm::tests::test_retry_creates_new_execution ... ok
test state_machine::commit_fsm::tests::test_valid_path_to_created ... ok
test resource_claim::spec::tests::test_stable_ordering ... ok
test state_machine::execution_fsm::tests::test_all_terminal_no_transitions ... ok
test state_machine::goal_fsm::tests::test_blocked_progression ... ok
test state_machine::goal_fsm::tests::test_active_to_planning_replan ... ok
test state_machine::goal_fsm::tests::test_active_to_succeeded ... ok
test state_machine::goal_fsm::tests::test_draft_progression ... ok
test state_machine::goal_fsm::tests::test_no_self_transition ... ok
test state_machine::goal_fsm::tests::test_paused_progression ... ok
test state_machine::goal_fsm::tests::test_terminal_no_transitions ... ok
test state_machine::goal_fsm::tests::test_validated_progression ... ok
test state_machine::integration_fsm::tests::test_applying_to_conflict ... ok
test state_machine::integration_fsm::tests::test_applying_to_stale ... ok
test state_machine::integration_fsm::tests::test_cancelled_from_any_non_terminal ... ok
test state_machine::integration_fsm::tests::test_illegal_integrated_to_queued ... ok
test state_machine::integration_fsm::tests::test_illegal_queued_to_applying ... ok
test state_machine::integration_fsm::tests::test_terminal_no_transitions ... ok
test state_machine::integration_fsm::tests::test_valid_path_to_integrated ... ok
test state_machine::plan_fsm::tests::test_active_progression ... ok
test state_machine::plan_fsm::tests::test_no_self_transition ... ok
test state_machine::plan_fsm::tests::test_proposed_progression ... ok
test state_machine::plan_fsm::tests::test_validated_progression ... ok
test state_machine::plan_fsm::tests::test_terminal_no_transitions ... ok
test state_machine::plan_fsm::tests::test_validating_progression ... ok
test state_machine::project_fsm::tests::test_terminal_no_transitions ... ok
test state_machine::project_fsm::tests::test_valid_path_to_done ... ok
test state_machine::review_fsm::tests::test_cancelled_from_any_non_terminal ... ok
test state_machine::review_fsm::tests::test_forward_progress ... ok
test state_machine::review_fsm::tests::test_illegal_approved_to_rejected ... ok
test state_machine::review_fsm::tests::test_illegal_rejected_to_approved ... ok
test state_machine::review_fsm::tests::test_illegal_skip_precheck ... ok
test state_machine::review_fsm::tests::test_illegal_skip_preparing ... ok
test state_machine::review_fsm::tests::test_no_implicit_stale_transition_from_terminal ... ok
test state_machine::review_fsm::tests::test_precheck_blocked ... ok
test state_machine::review_fsm::tests::test_stale_from_any_non_terminal ... ok
test state_machine::review_fsm::tests::test_re_review_requires_new_review_request ... ok
test state_machine::review_fsm::tests::test_terminal_no_transitions ... ok
test state_machine::review_fsm::tests::test_valid_path_to_approved ... ok
test state_machine::review_fsm::tests::test_reviewing_blocked ... ok
test state_machine::task_fsm::tests::test_retry_uses_retry_pending ... ok
test state_machine::task_fsm::tests::test_retry_path ... ok
test state_machine::task_fsm::tests::test_terminal_no_transitions ... ok
test state_machine::review_fsm::tests::test_valid_path_to_rejected ... ok
test state_machine::task_fsm::tests::test_valid_path_to_done ... ok

test result: ok. 147 passed; 0 failed; 0 ignored; 0 measured; 0 filtered out; finished in 0.01s

     Running tests\snapshot_wire_format.rs (target\debug\deps\snapshot_wire_format-cb4bd96b9e2981ac.exe)

running 10 tests
test snapshot_execution_lifecycle_all_terminal ... ok
test snapshot_agent_event_result ... ok
test snapshot_taskenvelope_wire ... ok
test snapshot_agent_event_session_started ... ok
test snapshot_project_lifecycle_done_is_terminal ... ok
test snapshot_task_lifecycle_terminal_count ... ok
test snapshot_taskresult_wire ... ok
test snapshot_agent_event_session_ended ... ok
test snapshot_agent_event_raw_vendor ... ok
test snapshot_core_error_codes ... ok

test result: ok. 10 passed; 0 failed; 0 ignored; 0 measured; 0 filtered out; finished in 0.00s

     Running unittests src\lib.rs (target\debug\deps\harness_runtime-cc9ccd5c69882812.exe)

running 578 tests
test artifact::tests::root_inside_git_worktree_rejected ... ok
test artifact::tests::rejects_traversal_components ... ok
test artifact::tests::duplicate_creation_rejected ... ok
test artifact::tests::keep_on_failure_only_deletes_on_success ... ok
test artifact::tests::keep_on_failure_only_keeps_on_failure ... ok
test artifact::tests::create_and_close_keep ... ok
test artifact::tests::orphan_detection_by_supervisor_id ... ok
test discovery::repo::tests::test_upsert_agent_definition_idempotent ... ok
test discovery::tests::test_capability_negotiation_all_unknown ... ok
test discovery::tests::test_executable_identity_different_kinds ... ok
test discovery::tests::test_executable_identity_different_paths ... ok
test db::tests::test_open_temp_file ... ok
test discovery::tests::test_executable_identity_stable ... ok
test discovery::tests::test_non_wrapper_basename_not_detected ... ok
test discovery::tests::test_wrapper_basename_detected ... ok
test goal::evaluator::tests::test_build_evaluator_input_includes_goal ... ok
test goal::evaluator::tests::test_build_evaluator_input_warns_empty_evidence ... ok
test goal::evaluator::tests::test_output_guard_rejects_completion_without_satisfied ... ok
test goal::evaluator::tests::test_output_guard_accepts_completion_with_satisfied ... ok
test goal::planner::tests::test_build_planner_input_includes_goal ... ok
test goal::planner::tests::test_build_planner_input_includes_replan ... ok
test goal::planner::tests::test_compute_digest_stable ... ok
test goal::planner::tests::test_compute_digest_different ... ok
test goal::service::profile_separation_tests::test_goal_start_validates_profile_separation ... ok
test goal::planner::tests::test_planner_prompt_uses_replanner_for_replan ... ok
test goal::service::profile_separation_tests::test_isolated_sessions_same_executor_reviewer_accepted ... ok
test goal::service::profile_separation_tests::test_isolated_sessions_different_profiles_accepted ... ok
test goal::service::profile_separation_tests::test_strict_diversity_different_executor_reviewer_accepted ... ok
test goal::service::profile_separation_tests::test_isolated_sessions_same_profile_accepted ... ok
test goal::service::profile_separation_tests::test_strict_diversity_different_profiles_accepted ... ok
test goal::service::profile_separation_tests::test_strict_diversity_executor_equals_reviewer_rejected ... ok
test goal::service::profile_separation_tests::test_strict_diversity_planner_equals_evaluator_rejected ... ok
test goal::validation::tests::test_budget_overflow_rejected ... ok
test goal::validation::tests::test_completion_gate_all_satisfied ... ok
test goal::validation::tests::test_completion_gate_missing_required_criterion ... ok
test goal::validation::tests::test_completion_gate_pending_tasks_block ... ok
test goal::validation::tests::test_duplicate_milestone_ref_rejected ... ok
test goal::validation::tests::test_duplicate_task_ref_rejected ... ok
test goal::validation::tests::test_empty_acceptance_criteria_rejected ... ok
test goal::service::profile_separation_tests::test_strict_diversity_unavailable_with_one_profile ... ok
test goal::validation::tests::test_empty_evidence_rejected ... ok
test goal::validation::tests::test_invalid_risk_level_rejected ... ok
test goal::validation::tests::test_missing_dependency_rejected ... ok
test goal::validation::tests::test_uncovered_required_criterion_rejected ... ok
test goal::validation::tests::test_task_cycle_rejected ... ok
test goal::validation::tests::test_valid_proposal_passes ... ok
test db::tests::test_repeated_open ... ok
test db::tests::test_pragma_journal_mode ... ok
test discovery::repo::tests::test_upsert_updates_last_seen ... ok
test ipc::tests::ipc_tests::test_command_round_trip ... ok
test ipc::tests::ipc_tests::test_command_side_effects ... ok
test ipc::tests::ipc_tests::test_command_whitelist ... ok
test ipc::tests::ipc_tests::test_ipc_config_defaults ... ok
test ipc::tests::ipc_tests::test_length_prefix_round_trip ... ok
test ipc::tests::ipc_tests::test_max_frame_size_sanity ... ok
test ipc::tests::ipc_tests::test_protocol_version_constant ... ok
test ipc::tests::ipc_tests::test_request_serialization ... ok
test ipc::tests::ipc_tests::test_request_state_terminal ... ok
test ipc::tests::ipc_tests::test_response_error_serialization ... ok
test ipc::tests::ipc_tests::test_response_status_all_variants ... ok
test ipc::tests::ipc_tests::test_response_success_serialization ... ok
test ipc::tests::ipc_tests::test_version_mismatch_detected_in_request ... ok
test liveness::cargo_target::tests::create_and_finalize_cargo_run_dir ... ok
test liveness::cargo_target::tests::shared_cache_path ... ok
test liveness::cargo_target::tests::stale_scan_preserves_active_within_grace ... ok
test liveness::evidence_dir::tests::create_and_finalize_evidence_dir ... ok
test liveness::evidence_dir::tests::forbidden_files_detected ... ok
test db::tests::test_migration_version ... ok
test db::tests::test_pragma_foreign_keys ... ok
test db::tests::test_foreign_keys_enforced ... ok
test liveness::guard::tests::active_execution_denied ... ok
test liveness::guard::tests::dry_run_does_not_delete ... ok
test liveness::guard::tests::git_dir_denied ... ok
test liveness::guard::tests::liveness_config_validate_smoke ... ok
test liveness::guard::tests::invalid_marker_json_denied ... ok
test liveness::guard::tests::managed_root_itself_denied ... ok
test db::tests::test_open_in_memory ... ok
test db::tests::test_pragma_busy_timeout ... ok
test liveness::guard::tests::guarded_delete_actually_deletes ... ok
test liveness::guard::tests::nonexistent_path_denied ... ok
test liveness::guard::tests::marker_kind_mismatch_denied ... ok
test liveness::guard::tests::missing_marker_denied ... ok
test liveness::guard::tests::path_not_under_managed_root_denied ... ok
test liveness::guard::tests::safety_verdict_and_merges_reasons ... ok
test liveness::guard::tests::repo_root_denied ... ok
test liveness::guard::tests::owned_child_inside_managed_root_allowed ... ok
test liveness::guard::tests::system_temp_root_denied ... ok
test liveness::guard::tests::shared_cargo_target_denied ... ok
test liveness::orchestrator::tests::dry_run_report_formatting ... ok
test liveness::guard::tests::user_home_denied ... ok
test liveness::guard::tests::target_root_denied ... ok
test liveness::guard::tests::run_id_mismatch_denied ... ok
test idempotency::tests::test_request_hash_mismatch_rejected ... ok
test liveness::evidence_dir::tests::retention_keeps_most_recent ... ok
test liveness::orchestrator::tests::orchestrator_creation_validates_config ... ok
test liveness::orchestrator::tests::startup_janitor_preserves_unmarked ... ok
test liveness::guard::tests::scan_managed_root_collects_results ... ok
test db::tests::test_table_count ... ok
test liveness::temp_dir::tests::rejects_bad_run_ids ... ok
test discovery::repo::tests::test_runtime_profile_idempotent ... ok
test idempotency::tests::test_claim_complete_read ... ok
test discovery::repo::tests::test_no_secret_values_in_db ... ok
test idempotency::tests::test_concurrent_claim_only_one_owner ... ok
test policy::file_scope::tests::absolute ... ok
test liveness::temp_dir::tests::duplicate_creation_rejected ... ok
test liveness::orchestrator::tests::startup_janitor_cleans_stale_owned_temp ... ok
test policy::file_scope::tests::ads_rejected ... ok
test policy::file_scope::tests::denied_prio ... ok
test liveness::temp_dir::tests::create_and_cleanup_temp_dir ... ok
test policy::file_scope::tests::forbidden_case_insensitive ... ok
test policy::file_scope::tests::dir_prefix ... ok
test policy::file_scope::tests::exact_file ... ok
test policy::file_scope::tests::gitmeta ... ok
test liveness::run_context::tests::run_context_creates_managed_dirs ... ok
test policy::file_scope::tests::harnessmeta ... ok
test policy::file_scope::tests::nonexistent_under_allowed_scope_allowed ... ok
test policy::scanner::tests::binary_file_skipped ... ok
test policy::file_scope::tests::gitmeta_case_insensitive ... ok
test policy::scanner::tests::clean_diff_passes ... ok
test policy::scanner::tests::known_secret_detected ... ok
test policy::scanner::tests::private_key_header_detected ... ok
test policy::scanner::tests::token_pattern_detected ... ok
test policy::file_scope::tests::outside ... ok
test policy::scanner::tests::utf8_cjk_text_not_binary ... ok
test policy::file_scope::tests::reserved ... ok
test policy::file_scope::tests::prefix_confusion_is_outside_scope ... ok
test policy::file_scope::tests::reserved_trailing_space ... ok
test policy::file_scope::tests::symlink_escape_denied ... ok
test policy::file_scope::tests::unicode_normalization ... ok
test policy::file_scope::tests::traversal ... ok
test liveness::run_context::tests::drop_restores_env ... ok
test process::redactor::tests::env_presence_names_only ... ok
test process::redactor::tests::invalid_utf8_lossy_safe ... ok
test process::redactor::tests::overlapping_secrets_longest_first ... ok
test process::redactor::tests::redacts_registered_secret ... ok
test process::redactor::tests::short_values_ignored ... ok
test prompt::tests::test_prompt_digest_changes_with_content ... ok
test prompt::tests::test_prompt_digest_stable ... ok
test prompt::tests::test_registry_has_all_prompts ... ok
test prompt::tests::test_registry_latest ... ok
test prompt::tests::test_rendered_digest_includes_input ... ok
test prompt::tests::test_rendered_digest_stable ... ok
test resource_claim::adapter::tests::test_ambiguous_glob_requires_explicit ... ok
test liveness::run_context::tests::temp_path_provider_trait ... ok
test resource_claim::adapter::tests::test_directory_write_scope_derives_directory_write ... ok
test resource_claim::adapter::tests::test_empty_scope_requires_explicit ... ok
test resource_claim::adapter::tests::test_exact_write_scope_derives_exact_write ... ok
test resource_claim::adapter::tests::test_explicit_logical_claim_converted ... ok
test resource_claim::adapter::tests::test_glob_with_prefix_derives_directory ... ok
test resource_claim::adapter::tests::test_read_scope_derives_read_claim ... ok
test process::job_object::tests::t1_job_terminate_succeeds ... ok
test process::job_object::tests::t4_both_fail_process_alive ... ok
test process::job_object::tests::t5_duplicate_cancel_after_unconfirmed ... ok
test process::job_object::tests::t6_response_lost_retry_after_unconfirmed ... ok
test process::job_object::tests::t7_timeout_both_mechanisms_fail ... ok
test db::tests::test_reopen_persistence ... ok
test policy::scanner::tests::truncated_file_not_clean ... ok
test review::service::tests::test_cache_key_deterministic ... ok
test review::service::tests::test_cache_hit_reuses_decision ... ok
test liveness::run_context::tests::shutdown_cleans_temp ... ok
test review::service::tests::test_dossier_bounds_exceeded_diff_bytes ... ok
test review::service::tests::test_dossier_bounds_exceeded_files ... ok
test review::service::tests::test_dossier_bounds_ok ... ok
test review::service::tests::test_cache_key_diff_changes_key ... ok
test review::service::tests::test_create_review_duplicate_blocked ... ok
test process::job_object::tests::t2_job_fails_taskkill_succeeds ... ok
test review::service::tests::test_clean_reviewer_digest_unchanged ... ok
test review::service::tests::test_create_review ... ok
test review::service::tests::test_cancel_from_requested ... ok
test review::service::tests::test_cache_miss_for_different_reviewer ... ok
test review::service::tests::test_decision_policy_unparseable_blocked ... ok
test review::service::tests::test_decision_policy_any_finding_rejected ... ok
test review::service::tests::test_event_emitted_on_transition ... ok
test review::service::tests::test_full_blocked_path ... ok
test review::service::tests::test_decision_policy_no_findings_approved ... ok
test review::service::tests::test_full_rejected_path ... ok
test review::service::tests::test_freeze_candidate ... ok
test review::service::tests::test_no_staleness_when_digests_match ... ok
test review::service::tests::test_precheck_all_pass ... ok
test review::service::tests::test_full_approved_path ... ok
test review::service::tests::test_illegal_transition_rejected ... ok
test review::service::tests::test_invocation_counter_cache_hit_not_counted ... ok
test review::service::tests::test_precheck_missing_workspace ... ok
test review::service::tests::test_invocation_counter_first_call ... ok
test review::service::tests::test_response_lost_does_not_duplicate ... ok
test review::service::tests::test_precheck_completion_eligibility_fails ... ok
test review::service::tests::test_select_reviewer_different_from_executor ... ok
test review::service::tests::test_select_reviewer_none_available ... ok
test review::service::tests::test_precheck_credentials_block ... ok
test scheduler::composition::tests::test_db_active_registry_missing_detected ... ok
test review::service::tests::test_terminal_no_mutation ... ok
test scheduler::composition::tests::test_verify_shared_registry_detects_mismatch ... ok
test review::service::tests::test_review_lifecycle_to_approved ... ok
test review::service::tests::test_rogue_reviewer_detected_by_digest_change ... ok
test scheduler::composition::tests::test_new_for_tests_is_explicitly_test_only ... ok
test review::service::tests::test_stale_mark_on_digest_change ... ok
test idempotency::tests::test_old_owner_cannot_complete_after_takeover ... ok
test review::service::tests::test_staleness_detection ... ok
test scheduler::composition::tests::test_shared_registry_same_instance ... ok
test scheduler::composition::tests::test_db_released_registry_running_detected ... ok
test scheduler::concurrency::tests::test_per_profile_limit ... ok
test scheduler::composition::tests::test_reconciler_detects_mismatch_with_shared_registry ... ok
test scheduler::concurrency::tests::test_one_active_per_task ... ok
test scheduler::composition::tests::test_fencing_mismatch_detected ... ok
test scheduler::dispatch_repo::tests::test_record_resources ... ok
test scheduler::concurrency::tests::test_expired_reclaimed ... ok
test scheduler::dispatch_repo::tests::test_record_intent_creates_new ... ok
test scheduler::dispatch_repo::tests::test_same_key_same_hash_returns_duplicate ... ok
test scheduler::composition::tests::test_reconciler_no_auto_verification ... ok
test scheduler::concurrency::tests::test_reserve_success ... ok
test scheduler::event_sink::tests::test_event_sink_closed_after_error ... ok
test scheduler::concurrency::tests::test_global_limit ... ok
test scheduler::event_sink::tests::test_sink_redacts_raw_vendor_event ... ok
test scheduler::dispatch_repo::tests::test_record_spawn_evidence ... ok
test scheduler::event_sink::tests::test_raw_vendor_event_persisted ... ok
test scheduler::handoff_coordinator::tests::test_cancel_wrong_fencing_rejected ... ok
test scheduler::dispatch_repo::tests::test_concurrent_same_key_one_winner ... ok
test scheduler::handoff_coordinator::tests::test_cancel_wrong_owner_rejected ... ok
test scheduler::dispatch_repo::tests::test_same_key_different_hash_returns_conflict ... ok
test scheduler::event_sink::tests::test_event_sink_persists ... ok
test scheduler::event_sink::tests::test_event_sink_sequence_ordered ... ok
test scheduler::handoff_coordinator::tests::test_coordinated_takeover_success ... ok
test scheduler::event_sink::tests::test_sink_redacts_secrets_in_tool_result ... ok
test scheduler::event_sink::tests::test_sink_redacts_secrets_in_events ... ok
test process::job_object::tests::t3_both_fail_process_dead ... ok
test process::job_object::tests::t8_reconciler_sees_process_dead ... ok
test scheduler::handoff_coordinator::tests::test_cancel_checks_both_owners ... ok
test scheduler::handoff_repo::tests::test_create_and_get ... ok
test scheduler::handoff_repo::tests::test_get_by_lease ... ok
test scheduler::heartbeat_registry::tests::test_cancel_by_owner ... ok
test scheduler::heartbeat_registry::tests::test_cancel_by_wrong_owner_rejected ... ok
test scheduler::heartbeat_registry::tests::test_cancel_stale_fencing_rejected ... ok
test scheduler::heartbeat_registry::tests::test_duplicate_register_rejected ... ok
test scheduler::heartbeat_registry::tests::test_inspect_by_lease ... ok
test scheduler::heartbeat_registry::tests::test_mark_lost_and_remove ... ok
test scheduler::heartbeat_registry::tests::test_register_and_inspect ... ok
test scheduler::heartbeat_registry::tests::test_takeover_different_owner_contested ... ok
test scheduler::heartbeat_registry::tests::test_takeover_idempotent_same_owner ... ok
test scheduler::heartbeat_registry::tests::test_takeover_not_found ... ok
test scheduler::heartbeat_registry::tests::test_takeover_stale_fencing_rejected ... ok
test scheduler::heartbeat_registry::tests::test_takeover_success ... ok
test scheduler::heartbeat_registry::tests::test_update_heartbeat_status ... ok
test scheduler::handoff_coordinator::tests::test_coordinated_takeover_contested ... ok
test scheduler::handoff_coordinator::tests::test_coordinated_takeover_idempotent ... ok
test scheduler::handoff_repo::tests::test_takeover_idempotent_same_owner ... ok
test scheduler::handoff_repo::tests::test_takeover_terminal_rejected ... ok
test scheduler::handoff_coordinator::tests::test_coordinated_takeover_stale_fencing ... ok
test scheduler::handoff_repo::tests::test_takeover_success ... ok
test scheduler::handoff_coordinator::tests::test_db_registry_mismatch_detected ... ok
test scheduler::handoff_coordinator::tests::test_lease_token_absent_from_all_outputs ... ok
test scheduler::profile_selector::tests::test_deterministic_tie_break ... ok
test scheduler::handoff_repo::tests::test_lease_token_absent_from_db ... ok
test scheduler::profile_selector::tests::test_no_silent_provider_switching ... ok
test scheduler::handoff_repo::tests::test_mark_lost_and_released ... ok
test scheduler::readiness::tests::test_dependency_failed_blocked ... ok
test scheduler::handoff_repo::tests::test_takeover_contested ... ok
test scheduler::handoff_repo::tests::test_takeover_version_conflict ... ok
test scheduler::profile_selector::tests::test_explicit_profile_unavailable ... ok
test scheduler::profile_selector::tests::test_explicit_profile_selected ... ok
test scheduler::readiness::tests::test_active_execution_blocks ... ok
test scheduler::handoff_repo::tests::test_update_heartbeat ... ok
test scheduler::readiness::tests::test_terminal_task_not_ready ... ok
test scheduler::readiness::tests::test_dependency_complete_ready ... ok
test scheduler::profile_selector::tests::test_no_compatible_profile ... ok
test scheduler::readiness::tests::test_dependency_incomplete_blocked ... ok
test scheduler::readiness::tests::test_missing_dependency ... ok
test scheduler::reconciler::tests::test_failed_execution_active_resources_released ... ok
test scheduler::readiness::tests::test_dependency_cycle ... ok
test scheduler::reconciler::tests::test_lease_without_claim_detected ... ok
test scheduler::reconciler::tests::test_duplicate_active_execution_detected ... ok
test supervisor::lifecycle::tests::test_accepts_writes ... ok
test supervisor::lifecycle::tests::test_failure_paths ... ok
test supervisor::lifecycle::tests::test_illegal_transitions ... ok
test supervisor::lifecycle::tests::test_normal_startup_path ... ok
test supervisor::lifecycle::tests::test_same_state_noop ... ok
test supervisor::lifecycle::tests::test_shutdown_path ... ok
test supervisor::lifecycle::tests::test_takeover_path ... ok
test supervisor::lifecycle::tests::test_terminal_state_identity ... ok
test supervisor::lifecycle::tests::test_terminal_states_cannot_change ... ok
test scheduler::readiness::tests::test_no_dependency_ready ... ok
test scheduler::reconciler::tests::test_awaiting_verification_resources_missing_detected ... ok
test scheduler::reconciler::tests::test_no_automatic_retry ... ok
test scheduler::reconciler::tests::test_handoff_registry_mismatch_detected ... ok
test scheduler::reconciler::tests::test_repeated_reconcile_idempotent ... ok
test scheduler::reconciler::tests::test_no_provider_switch ... ok
test supervisor::tests::supervisor_tests::test_fsm_all_transitions ... ok
test scheduler::reconciler::tests::test_heartbeat_missing_detected ... ok
test scheduler::reconciler::tests::test_no_worktree_deletion ... ok
test scheduler::reconciler::tests::test_concurrent_reconcilers_single_repair ... ok
test supervisor::tests::supervisor_tests::test_fencing_validation_older_token_rejected ... ok
test supervisor::tests::supervisor_tests::test_heartbeat_interval_less_than_lease_third ... ok
test scheduler::reconciler::tests::test_process_terminal_execution_nonterminal_detected ... ok
test scheduler::reconciler::tests::test_orphan_reservation_reclaimed ... ok
test scheduler::reconciler::tests::test_worktree_missing_detected ... ok
test scheduler::reconciler::tests::test_running_without_process_detected ... ok
test supervisor::tests::supervisor_tests::test_different_state_dirs_can_have_leases ... ok
test supervisor::tests::supervisor_tests::test_fencing_validation_current_token_allowed ... ok
test supervisor::tests::supervisor_tests::test_fencing_validation_newer_token_allowed ... ok
test supervisor::tests::supervisor_tests::test_supervisor_config_defaults ... ok
test supervisor::tests::supervisor_tests::test_supervisor_config_includes_ipc_endpoint ... ok
test supervisor::tests::supervisor_tests::test_terminal_state_invariant ... ok
test supervisor::tests::supervisor_tests::test_first_supervisor_acquires_lease ... ok
test supervisor::tests::supervisor_tests::test_heartbeat_cas_wrong_token_fails ... ok
test supervisor::tests::supervisor_tests::test_heartbeat_cas_wrong_state_fails ... ok
test supervisor::tests::supervisor_tests::test_heartbeat_cas_succeeds ... ok
test supervisor::tests::supervisor_tests::test_force_deactivate_then_new_lease ... ok
test supervisor::tests::supervisor_tests::test_graceful_shutdown_releases_lease ... ok
test supervisor::tests::supervisor_tests::test_state_update_and_event ... ok
test supervisor::tests::supervisor_tests::test_instance_insert_and_retrieve ... ok
test supervisor::tests::supervisor_tests::test_lease_release_cas_succeeds ... ok
test supervisor::tests::supervisor_tests::test_ipc_server_construction ... ok
test supervisor::tests::supervisor_tests::test_ipc_server_shutdown_prevents_hang ... ok
test supervisor::tests::supervisor_tests::test_lease_release_cas_wrong_token_fails ... ok
test task_loop::decision::tests::h2_04_verification_non_terminal ... ok
test supervisor::tests::supervisor_tests::test_second_active_lease_rejected ... ok
test task_loop::decision::tests::h2_08_dossier_fingerprint_mismatch ... ok
test task_loop::decision::tests::h2_01_execution_non_terminal ... ok
test task_loop::decision::tests::h2_02_outcome_missing ... ok
test task_loop::decision::tests::h2_03_outcome_failed ... ok
test task_loop::decision::tests::h2_05_required_step_failed ... ok
test task_loop::decision::tests::h2_no_token_blocks_complete_candidate ... ok
test task_loop::decision::tests::h2_07_dossier_missing ... ok
test task_loop::decision::tests::h2_06_evidence_missing ... ok
test task_loop::decision::tests::h2_09_process_active ... ok
test task_loop::decision::tests::h2_13_workspace_mismatch ... ok
test task_loop::decision::tests::h2_10b_process_known_and_inactive_is_safe ... ok
test task_loop::decision::tests::h2_10_process_unknown_blocks_completion ... ok
test task_loop::decision::tests::h2_15_stale_fencing ... ok
test task_loop::decision::tests::h2_11_reconciliation_required ... ok
test task_loop::decision::tests::h2_12_workspace_missing ... ok
test task_loop::decision::tests::h2_golden_all_passed ... ok
test task_loop::decision::tests::h2_14_owner_mismatch ... ok
test verification::content_validator::tests::test_allow_empty_detail ... ok
test verification::content_validator::tests::test_allow_reference_based_detail ... ok
test verification::content_validator::tests::test_allow_safe_detail ... ok
test verification::content_validator::tests::test_allow_safe_text ... ok
test verification::content_validator::tests::test_reject_api_key_in_detail ... ok
test verification::content_validator::tests::test_reject_aws_key ... ok
test verification::content_validator::tests::test_reject_base64_data ... ok
test verification::content_validator::tests::test_reject_bearer_token_in_detail ... ok
test verification::content_validator::tests::test_reject_github_token ... ok
test verification::content_validator::tests::test_reject_lease_token_in_detail ... ok
test verification::content_validator::tests::test_reject_oversized_detail ... ok
test verification::content_validator::tests::test_reject_oversized_text ... ok
test verification::content_validator::tests::test_reject_password_in_detail ... ok
test verification::content_validator::tests::test_reject_private_key_header ... ok
test verification::content_validator::tests::test_reject_secret_key_in_text ... ok
test task_loop::decision::tests::h2_16_observation_fingerprint_stale ... ok
test verification::approval_validator::tests::test_single_use_response_lost_idempotent ... ok
test task_loop::decision::tests::h2_17_fabricated_passed_input ... ok
test verification::approval_validator::tests::test_approval_no_credential_in_db ... ok
test verification::approval_validator::tests::test_different_operation_reuse_rejected ... ok
test verification::approval_validator::tests::test_missing_approval ... ok
test verification::approval_validator::tests::test_expired_approval ... ok
test verification::approval_validator::tests::test_stale_fencing ... ok
test verification::approval_validator::tests::test_revoked_approval ... ok
test verification::approval_validator::tests::test_single_use_consumed_once ... ok
test verification::approval_validator::tests::test_wrong_worktree ... ok
test verification::approval_validator::tests::test_valid_approval ... ok
test verification::approval_validator::tests::test_wrong_run ... ok
test verification::evidence_repo::tests::test_insert_and_get_evidence ... ok
test verification::evidence_repo::tests::test_error_does_not_contain_raw_secret ... ok
test verification::evidence_repo::tests::test_insert_and_get_step_results ... ok
test verification::evidence_repo::tests::test_insert_diagnostic ... ok
test verification::evidence_repo::tests::test_no_secret_in_evidence_db ... ok
test verification::evidence_repo::tests::test_reject_oversized_evidence_detail ... ok
test verification::evidence_repo::tests::test_reject_secret_in_summary ... ok
test verification::evidence_repo::tests::test_reject_credential_in_step_result ... ok
test verification::evidence_repo::tests::test_reject_private_key_in_diagnostic ... ok
test verification::evidence_repo::tests::test_reject_secret_in_evidence_detail ... ok
test verification::evidence_repo::tests::test_safe_artifact_ref_accepted ... ok
test verification::execution_service::tests::test_approval_absolute_deny_overrides ... ok
test verification::execution_service::tests::test_approval_different_operation_rejected ... ok
test verification::execution_service::tests::test_approval_expired_blocked ... ok
test verification::execution_service::tests::test_approval_no_credential_in_events ... ok
test verification::execution_service::tests::test_approval_required_no_approval_blocked ... ok
test verification::execution_service::tests::test_approval_normal_allowed_command ... ok
test verification::execution_service::tests::test_approval_revoked_blocked ... ok
test verification::execution_service::tests::test_approval_shell_denied_even_with_approval ... ok
test verification::execution_service::tests::test_approval_single_use_consumed_once ... ok
test verification::execution_service::tests::test_approval_two_pool_one_winner ... ok
test verification::execution_service::tests::test_approval_wrong_fingerprint_blocked ... ok
test verification::execution_service::tests::test_approval_stale_fencing_blocked ... ok
test verification::execution_service::tests::test_approval_valid_approval_executes ... ok
test verification::execution_service::tests::test_approval_wrong_operation_blocked ... ok
test verification::execution_service::tests::test_approval_wrong_run_blocked ... ok
test verification::execution_service::tests::test_approval_wrong_step_blocked ... ok
test verification::execution_service::tests::test_approval_wrong_worktree_blocked ... ok
test verification::execution_service::tests::test_dotdot ... ok
test verification::execution_service::tests::test_event_no_secret ... ok
test verification::execution_service::tests::test_dup ... ok
test verification::execution_service::tests::test_conflict ... ok
test verification::execution_service::tests::test_non_command_deferred ... ok
test verification::finalization::tests::test_aggregator_all_passed ... ok
test verification::finalization::tests::test_aggregator_build_failure ... ok
test verification::finalization::tests::test_aggregator_duplicate_result_blocks ... ok
test verification::finalization::tests::test_aggregator_every_required_kind_missing_blocks ... ok
test verification::finalization::tests::test_aggregator_failed_step ... ok
test verification::finalization::tests::test_aggregator_missing_required_blocked ... ok
test verification::finalization::tests::test_aggregator_multiple_failures_precedence ... ok
test verification::finalization::tests::test_aggregator_optional_step_not_required_for_completeness ... ok
test verification::execution_service::tests::test_fail_fast_stops_on_required_failure ... ok
test verification::finalization::tests::test_aggregator_required_skipped_blocks ... ok
test verification::finalization::tests::test_aggregator_scope_violation ... ok
test verification::finalization::tests::test_aggregator_secret_exposure ... ok
test verification::execution_service::tests::test_normal_exec ... ok
test verification::execution_service::tests::test_no_side_effects ... ok
test verification::execution_service::tests::test_not_running ... ok
test verification::execution_service::tests::test_outside_wt ... ok
test verification::execution_service::tests::test_nonzero ... ok
test verification::execution_service::tests::test_response_lost_events_not_duplicated ... ok
test verification::execution_service::tests::test_stale_fence ... ok
test verification::execution_service::tests::test_shell_denied ... ok
test verification::execution_service::tests::test_terminal_event_written ... ok
test verification::execution_service::tests::test_two_pool ... ok
test verification::execution_service::tests::test_started_event_written ... ok
test verification::execution_service::tests::test_wrong_owner ... ok
test verification::finalization::tests::test_event_no_secret ... ok
test verification::finalization::tests::test_dossier_contains_required_fields ... ok
test verification::finalization::tests::test_claim_rows_absent_release_completes ... ok
test verification::finalization::tests::test_finalize_idempotent_conflict ... ok
test verification::finalization::tests::test_finalize_idempotent_duplicate ... ok
test verification::finalization::tests::test_finalize_all_passed ... ok
test verification::finalization::tests::test_finalization_events_written ... ok
test verification::finalization::tests::test_outcome_aggregator_deterministic ... ok
test verification::finalization::tests::test_finalize_no_agent_created ... ok
test verification::finalization::tests::test_finalize_no_task_lifecycle_change ... ok
test verification::finalization::tests::test_finalize_releases_claim ... ok
test verification::finalization::tests::test_finalize_not_running_blocked ... ok
test verification::finalization::tests::test_finalize_no_retry_created ... ok
test verification::finalization::tests::test_finalize_no_worktree_deleted ... ok
test verification::finalization::tests::test_finalize_releases_lease ... ok
test verification::finalization::tests::test_finalize_releases_handoff ... ok
test verification::finalization::tests::test_finalize_secret_not_in_outcome ... ok
test verification::finalization::tests::test_finalize_wrong_owner ... ok
test verification::finalization::tests::test_finalize_stale_fencing ... ok
test verification::finalization::tests::test_missing_required_plan_step_blocked_and_retains_resources ... ok
test verification::finalization::tests::test_heartbeat_unregistered_after_release ... ok
test verification::finalization::tests::test_owner_change_during_release_blocks ... ok
test verification::finalization::tests::test_partial_failure_no_reacquire ... ok
test verification::finalization::tests::test_partial_failure_lease_after_claim ... ok
test verification::finalization::tests::test_release_progress_structured ... ok
test verification::finalization::tests::test_release_steps_durable_and_completed ... ok
test verification::finalization::tests::test_plan_fingerprint_mismatch_blocks_and_retains ... ok
test verification::finalization::tests::test_response_lost_same_outcome ... ok
test verification::ownership_service::tests::test_db_registry_mismatch_rejected ... ok
test verification::finalization::tests::test_response_lost_after_outcome_commit ... ok
test verification::finalization::tests::test_same_key_reentry_resumes_incomplete_release ... ok
test verification::finalization::tests::test_response_lost_lease_not_duplicated ... ok
test verification::finalization::tests::test_response_lost_claim_not_duplicated ... ok
test verification::finalization::tests::test_two_pool_strict_exactly_once ... ok
test verification::finalization::tests::test_two_pool_one_finalizer ... ok
test verification::finalization::tests::test_terminal_outcome_immutable ... ok
test verification::ownership_service::tests::test_heartbeat_missing_rejected ... ok
test verification::ownership_service::tests::test_no_worktree_deletion ... ok
test verification::ownership_service::tests::test_no_command_before_takeover ... ok
test verification::ownership_service::tests::test_lease_inactive_rejected ... ok
test verification::ownership_service::tests::test_no_agent_execution_created ... ok
test verification::ownership_service::tests::test_no_provider_switch ... ok
test verification::ownership_service::tests::test_no_retry_created ... ok
test verification::ownership_service::tests::test_same_run_idempotent ... ok
test verification::ownership_service::tests::test_ownership_event_written_exactly_once ... ok
test verification::ownership_service::tests::test_normal_takeover ... ok
test verification::ownership_service::tests::test_ownership_event_no_token_or_secret ... ok
test verification::ownership_service::tests::test_response_lost_event_count_stays_one ... ok
test verification::ownership_service::tests::test_repeated_takeover_event_count_stays_one ... ok
test verification::ownership_service::tests::test_response_lost_recovery ... ok
test verification::ownership_service::tests::test_terminal_handoff_rejected ... ok
test verification::ownership_service::tests::test_stale_fencing_rejected ... ok
test verification::plan_repo::tests::test_create_and_get_plan ... ok
test verification::ownership_service::tests::test_terminal_run_rejected ... ok
test verification::ownership_service::tests::test_two_pools_deterministic_interleaving_a_pauses_b_already_owned ... ok
test verification::ownership_service::tests::test_worktree_missing_rejected ... ok
test verification::plan_repo::tests::test_duplicate_plan_rejected ... ok
test verification::ownership_service::tests::test_two_pools_concurrent_one_winner ... ok
test verification::plan_repo::tests::test_get_plan_by_execution ... ok
test verification::plan_repo::tests::test_plan_exists ... ok
test verification::ownership_service::tests::test_two_pools_deterministic_interleaving_b_wins_a_already_owned ... ok
test verification::plan_repo::tests::test_reject_secret_in_step_config ... ok
test verification::plan_repo::tests::test_reject_secret_in_step_description ... ok
test verification::policy_evidence::tests::test_artifact_check_missing ... ok
test verification::policy_evidence::tests::test_aws_key_not_in_db ... ok
test verification::policy_evidence::tests::test_diff_failure_reported ... ok
test verification::policy_evidence::tests::test_failure_diff_provider ... ok
test verification::policy_evidence::tests::test_evidence_written ... ok
test verification::policy_evidence::tests::test_failure_no_claim_released ... ok
test verification::policy_evidence::tests::test_failure_no_agent_created ... ok
test verification::policy_evidence::tests::test_failure_no_retry_created ... ok
test verification::policy_evidence::tests::test_failure_heartbeat_lost_rejected ... ok
test verification::policy_evidence::tests::test_failure_no_worktree_deleted ... ok
test verification::policy_evidence::tests::test_file_scope_clean ... ok
test verification::policy_evidence::tests::test_failure_no_lease_released ... ok
test verification::policy_evidence::tests::test_failure_response_lost_no_rescan ... ok
test verification::policy_evidence::tests::test_failure_post_scan_owner_mismatch_rejected ... ok
test verification::policy_evidence::tests::test_file_scope_violation ... ok
test verification::policy_evidence::tests::test_forbidden_change_detected ... ok
test verification::policy_evidence::tests::test_freshness_baseline_change_stale_evidence ... ok
test verification::policy_evidence::tests::test_freshness_fencing_change_invalidates ... ok
test verification::policy_evidence::tests::test_freshness_changed_path_fingerprint_change_stale_evidence ... ok
test verification::policy_evidence::tests::test_freshness_input_fingerprint_change_stale_evidence ... ok
test verification::policy_evidence::tests::test_freshness_same_input_may_reuse ... ok
test verification::policy_evidence::tests::test_freshness_run_id_change_invalidates ... ok
test verification::policy_evidence::tests::test_freshness_worktree_head_change_stale_evidence ... ok
test verification::policy_evidence::tests::test_freshness_stale_does_not_produce_passed ... ok
test verification::policy_evidence::tests::test_git_diff_infrastructure_error ... ok
test verification::policy_evidence::tests::test_freshness_worktree_id_change_invalidates ... ok
test verification::policy_evidence::tests::test_git_diff_clean ... ok
test verification::policy_evidence::tests::test_git_diff_with_changes ... ok
test verification::policy_evidence::tests::test_github_token_not_in_db ... ok
test verification::policy_evidence::tests::test_nested_credential_json_not_persisted ... ok
test verification::policy_evidence::tests::test_no_side_effects ... ok
test verification::policy_evidence::tests::test_output_matcher_invalid_regex ... ok
test verification::policy_evidence::tests::test_output_matcher_forbidden_found ... ok
test verification::policy_evidence::tests::test_output_matcher_required_found ... ok
test verification::policy_evidence::tests::test_policy_step_event_written ... ok
test verification::policy_evidence::tests::test_output_matcher_required_missing ... ok
test verification::policy_evidence::tests::test_policy_step_idempotent_conflict ... ok
test verification::policy_evidence::tests::test_policy_step_idempotent_duplicate ... ok
test verification::policy_evidence::tests::test_policy_step_ownership_lost_not_running ... ok
test verification::policy_evidence::tests::test_policy_step_normal_exec ... ok
test verification::policy_evidence::tests::test_policy_step_wrong_owner ... ok
test verification::policy_evidence::tests::test_policy_step_stale_fencing ... ok
test verification::policy_evidence::tests::test_private_key_not_in_db ... ok
test verification::policy_evidence::tests::test_required_file_exists ... ok
test verification::policy_evidence::tests::test_required_file_missing ... ok
test verification::policy_evidence::tests::test_response_lost_one_scan ... ok
test verification::policy_evidence::tests::test_strict_counts_single_execution ... ok
test verification::policy_evidence::tests::test_worktree_check_exists ... ok
test verification::policy_evidence::tests::test_secret_not_in_evidence_db ... ok
test verification::policy_evidence::tests::test_secret_scan_finds_token ... ok
test verification::policy_evidence::tests::test_strict_counts_response_lost ... ok
test verification::policy_evidence::tests::test_secret_scan_clean ... ok
test verification::policy_evidence::tests::test_two_pool_one_scanner ... ok
test verification::reconciler::tests::test_dossier_fingerprint_conflict_awaits_human ... ok
test verification::policy_evidence::tests::test_terminal_step_not_reactivated ... ok
test verification::reconciler::tests::test_active_process_zero_release ... ok
test verification::reconciler::tests::test_active_scanner_zero_release ... ok
test verification::reconciler::tests::test_canonical_fingerprint_stable_and_sensitive ... ok
test verification::reconciler::tests::test_durable_heartbeat_missing_production_path ... ok
test verification::reconciler::tests::test_handoff_state_mismatch_production_path ... ok
test verification::reconciler::tests::test_outcome_missing_blocks_with_zero_release ... ok
test verification::reconciler::tests::test_noop_when_fully_consistent ... ok
test verification::reconciler::tests::test_ownership_lost_production_path ... ok
test verification::reconciler::tests::test_plan_invalidated_when_state_changes_before_effect ... ok
test verification::reconciler::tests::test_repair_missing_dossier ... ok
test verification::reconciler::tests::test_reconcile_idempotent_duplicate_zero_side_effects ... ok
test verification::reconciler::tests::test_stale_fencing_production_path ... ok
test verification::reconciler::tests::test_reconcile_no_agent_no_retry_no_worktree_mutation ... ok
test verification::reconciler::tests::test_repair_missing_terminal_event ... ok
test verification::reconciler::tests::test_runtime_heartbeat_stale_repaired ... ok
test verification::reconciler::tests::test_resume_release_full_recovery ... ok
test verification::reconciler::tests::test_two_pool_strict_winner_and_loser ... ok
test verification::reconciler::tests::test_worktree_identity_lost_awaits_human ... ok
test verification::reconciler::tests::test_worktree_missing_blocks ... ok
test verification::release_steps::tests::test_claim_cas_single_winner ... ok
test verification::release_steps::tests::test_claim_group_fenced_release ... ok
test verification::release_steps::tests::test_in_progress_not_applied_retaken_and_executed_once ... ok
test verification::release_steps::tests::test_full_release_all_steps_exactly_once ... ok
test verification::release_steps::tests::test_complete_cas_bound_to_worker_and_fencing ... ok
test worktree::inspector::tests::git_version_parse ... ok
test worktree::inspector::tests::porcelain_parse_multi_entry ... ok
test worktree::naming::tests::branch_names_are_stable_and_distinct ... ok
test worktree::naming::tests::branch_sanitization_rejects_injection ... ok
test worktree::naming::tests::identifier_rejects_traversal_and_reserved ... ok
test worktree::naming::tests::path_escape_rejected ... ok
test verification::run_repo::tests::test_reject_secret_in_blocker_text ... ok
test verification::release_steps::tests::test_heartbeat_identity_mismatch_not_removed ... ok
test verification::release_steps::tests::test_in_progress_with_effect_applied_completes_without_rerun ... ok
test verification::run_repo::tests::test_concurrent_same_key_one_winner ... ok
test verification::release_steps::tests::test_owner_change_stops_before_side_effect ... ok
test verification::run_repo::tests::test_create_run_success ... ok
test verification::run_repo::tests::test_reject_secret_in_outcome_summary ... ok
test verification::run_repo::tests::test_file_backed_two_pool_one_winner ... ok
test verification::run_repo::tests::test_safe_outcome_write_succeeds ... ok
test verification::run_repo::tests::test_same_key_different_hash_conflict ... ok
test verification::run_repo::tests::test_same_key_same_hash_duplicate ... ok
test verification::run_repo::tests::test_transition_run ... ok
test verification::run_repo::tests::test_set_outcome ... ok

test result: ok. 578 passed; 0 failed; 0 ignored; 0 measured; 0 filtered out; finished in 57.13s

     Running unittests src\bin\liveness-fixture.rs (target\debug\deps\liveness_fixture-048e9d59211b0fb4.exe)

running 0 tests

test result: ok. 0 passed; 0 failed; 0 ignored; 0 measured; 0 filtered out; finished in 0.00s

     Running unittests src\bin\process-fixture.rs (target\debug\deps\process_fixture-62b447d1d746d3f0.exe)

running 0 tests

test result: ok. 0 passed; 0 failed; 0 ignored; 0 measured; 0 filtered out; finished in 0.00s

     Running tests\agent_discovery_tests.rs (target\debug\deps\agent_discovery_tests-f5af586374b206e4.exe)

running 60 tests
test test_02_executable_identity_different_paths ... ok
test test_01_executable_identity_stable ... ok
test test_03_executable_identity_different_kinds ... ok
test test_04_executable_identity_basename ... ok
test test_11_provider_hint_with_evidence ... ok
test test_05_discovery_confidence_values ... ok
test test_08_harness_emulated_capability ... ok
test test_10_harness_not_pretending_native ... ok
test test_12_provider_hint_custom_endpoint ... ok
test test_07_native_capability ... ok
test test_14_env_based_hint_low_confidence ... ok
test test_09_unsupported_capability ... ok
test test_06_capability_all_unknown_default ... ok
test test_13_provider_not_determined_by_model_name ... ok
test test_15_user_declared_hint_high_confidence ... ok
test test_16_auth_state_unknown_default ... ok
test test_17_auth_state_authenticated ... ok
test test_18_auth_env_key_not_claiming_logged_in ... ok
test test_19_path_resolution_evidence ... ok
test test_20_version_output_evidence ... ok
test test_21_environment_presence_evidence_names_only ... ok
test test_22_agent_definition_scaffold ... ok
test test_23_same_agent_multiple_profiles ... ok
test test_24_wrapper_agent_identity ... ok
test test_26_discovery_confidence_on_agent ... ok
test test_25_wrapper_not_separate_agent_definition ... ok
test test_27_runtime_profile_basic ... ok
test test_28_runtime_profile_model_not_hardcoded ... ok
test test_29_runtime_profile_auth_not_hardcoded ... ok
test test_30_validation_status_default_not_validated ... ok
test test_31_active_validation_requires_explicit_permission ... ok
test test_33_agent_event_session_started ... ok
test test_32_validation_diagnostic_persistence ... ok
test test_35_session_ended_synthetic ... ok
test test_34_agent_event_raw_vendor_not_silently_dropped ... ok
test test_36_result_vs_process_exit_distinct_semantics ... ok
test test_37_nonzero_exit_not_pretending_success ... ok
test test_38_termination_reason_variants ... ok
test test_39_adapter_compatibility_diagnostic ... ok
test test_40_incompatible_version_diagnostic ... ok
test test_42_no_hardcoded_model_in_profile ... ok
test test_41_chatgpt_login_profile_representation ... ok
test test_51_missing_executable_agent ... ok
test test_52_wrapper_opaque ... ok
test test_54_deepseek_env_no_false_anthropic ... ok
test test_53_duplicate_path_dedup ... ok
test test_55_enriched_event_sequence_stable ... ok
test test_56_unknown_vendor_fields_forward_compatible ... ok
test test_57_malformed_event_diagnostic ... ok
test test_58_exactly_one_terminal_outcome ... ok
test test_59_environment_variable_names_recorded_without_values ... ok
test test_60_no_global_config_modified ... ok
test test_43_discovery_persistence ... ok
test test_48_provider_hints_persisted ... ok
test test_49_table_count_18_business_tables ... ok
test test_50_migration_009_applied ... ok
test test_47_evidence_persisted ... ok
test test_44_profile_update ... ok
test test_45_secret_values_absent_from_database ... ok
test test_46_repeated_persistence_idempotent ... ok

test result: ok. 60 passed; 0 failed; 0 ignored; 0 measured; 0 filtered out; finished in 0.53s

     Running tests\env_boundary_tests.rs (target\debug\deps\env_boundary_tests-4cfdad229a853e14.exe)

running 3 tests
test test_unauthorized_sensitive_override_rejected ... ok
test test_non_sensitive_explicit_var_passed ... ok
test test_authorized_sensitive_override_passed ... ok

test result: ok. 3 passed; 0 failed; 0 ignored; 0 measured; 0 filtered out; finished in 0.04s

     Running tests\i4_5_certification_manifest.rs (target\debug\deps\i4_5_certification_manifest-8378e16c251d70a5.exe)

running 16 tests
test tests::manifest_all_fault_case_ids_are_unique ... ok
test tests::manifest_crash_prefixes_each_50_repeats ... ok
test tests::manifest_c8_schedules_each_100_repeats ... ok
test tests::manifest_all_c8_schedule_ids_are_unique ... ok
test tests::manifest_all_scenario_ids_are_unique ... ok
test tests::manifest_all_repeat_group_ids_are_unique ... ok
test tests::manifest_fault_case_count_is_exactly_30 ... ok
test tests::manifest_crash_prefix_count_is_exactly_8 ... ok
test tests::manifest_gp01_and_gp02_are_real_i4_executed ... ok
test tests::manifest_gp01_gp02_forbid_fixture_gateway ... ok
test tests::manifest_repeat_group_count_is_exactly_18 ... ok
test tests::manifest_c8_schedule_count_is_exactly_5 ... ok
test tests::manifest_scenario_count_is_exactly_27 ... ok
test tests::manifest_workspace_run_count_is_exactly_3 ... ok
test tests::manifest_can_serialize_to_json ... ok
test tests::export_manifest_json_for_runner ... ok

test result: ok. 16 passed; 0 failed; 0 ignored; 0 measured; 0 filtered out; finished in 0.01s

     Running tests\i4_6_real_reviewer_smoke.rs (target\debug\deps\i4_6_real_reviewer_smoke-e0fbb385acd8a1bb.exe)

running 2 tests
test real_reviewer_timeout_control ... ok
test real_reviewer_smoke_full_path ... ok

test result: ok. 2 passed; 0 failed; 0 ignored; 0 measured; 0 filtered out; finished in 35.76s

     Running tests\i4_6_review_smoke.rs (target\debug\deps\i4_6_review_smoke-b953933f2a03214c.exe)

running 7 tests
test smoke_dossier_bounds_exceeded ... ok
test smoke_rogue_reviewer_detected ... ok
test smoke_rejected_with_findings ... ok
test smoke_precheck_blocked_no_reviewer_call ... ok
test smoke_approved_path ... ok
test smoke_cache_deduplication ... ok
test smoke_response_lost_recovery ... ok

test result: ok. 7 passed; 0 failed; 0 ignored; 0 measured; 0 filtered out; finished in 0.36s

     Running tests\i5_1_controlled_commit.rs (target\debug\deps\i5_1_controlled_commit-7d41a58a5a990e8d.exe)

running 11 tests
test test_admission_diff_digest_mismatch_stale ... ok
test test_admission_reviewer_equals_executor_blocked ... ok
test test_admission_stale_candidate ... ok
test test_admission_non_approved_review_blocked ... ok
test test_admission_valid_admitted ... ok
test test_create_commit_unique_candidate_per_scope ... ok
test test_create_commit_idempotent_same_oid ... ok
test test_recovery_git_object_before_db_write ... ok
test test_create_commit_stable_oid ... ok
test test_create_commit_does_not_modify_user_index ... ok
test test_create_commit_does_not_modify_worktree ... ok

test result: ok. 11 passed; 0 failed; 0 ignored; 0 measured; 0 filtered out; finished in 2.12s

     Running tests\i5_2_integration_queue.rs (target\debug\deps\i5_2_integration_queue-44f93c2aabc15e95.exe)

running 10 tests
test test_duplicate_scope_returns_existing ... ok
test test_different_repo_parallel ... ok
test test_cancel_queued ... ok
test test_empty_queue_dequeue_none ... ok
test test_invalid_target_ref_rejected ... ok
test test_enqueue_idempotent ... ok
test test_same_repo_ref_serialization ... ok
test test_different_target_ref_parallel ... ok
test test_priority_ordering ... ok
test test_fifo_tiebreak ... ok

test result: ok. 10 passed; 0 failed; 0 ignored; 0 measured; 0 filtered out; finished in 1.79s

     Running tests\i5_3_integration_e2e.rs (target\debug\deps\i5_3_integration_e2e-883f593c60077851.exe)

running 8 tests
test test_strategy_cherry_pick ... ok
test test_strategy_fast_forward ... ok
test test_integration_worktree_isolation ... ok
test test_verification_failure_blocks_publish ... ok
test test_fast_forward_integration_success ... ok
test test_cas_race_target_advanced ... ok
test test_conflict_integration ... ok
test test_advanced_target_no_conflict ... ok

test result: ok. 8 passed; 0 failed; 0 ignored; 0 measured; 0 filtered out; finished in 2.90s

     Running tests\i7_acceptance_tests.rs (target\debug\deps\i7_acceptance_tests-6da76c4709d914e0.exe)

running 5 tests
test acceptance_replan_decision_infrastructure ... ok
test acceptance_role_isolation_enforcement ... ok
test acceptance_migration_fresh_install ... ok
test acceptance_migration_v23_upgrade ... ok
test acceptance_deterministic_two_task_goal ... ok

test result: ok. 5 passed; 0 failed; 0 ignored; 0 measured; 0 filtered out; finished in 0.64s

     Running tests\i7_final_e2e_tests.rs (target\debug\deps\i7_final_e2e_tests-8194bf1ceaae5eee.exe)

running 3 tests
test scene_c_role_isolation_default_is_isolated_sessions ... ok
test scene_a_deterministic_two_task_goal_e2e ... ok
test scene_b_failure_replan_success ... ok

test result: ok. 3 passed; 0 failed; 0 ignored; 0 measured; 0 filtered out; finished in 0.51s

     Running tests\liveness_cross_process.rs (target\debug\deps\liveness_cross_process-2e7d033978520a38.exe)

running 4 tests
CREATED C:\Users\shiju\AppData\Local\Temp\.tmpOyStbI\sandbox\g8\harness-temp\crash-e0b22c1f-b1fd-4413-a7d0-ba45b2c65686
PID 17052
WAITING (send SIGTERM or kill process)
CREATED C:\Users\shiju\AppData\Local\Temp\.tmpRHfzzp\sandbox\g10\harness-temp\active-516178a8-b5f4-4305-b3c1-e62dc1c06fcc
PID 6716
WAITING (send SIGTERM or kill process)
CREATED C:\Users\shiju\AppData\Local\Temp\.tmpSBDzWP\sandbox\g10\harness-temp\active-e375287d-bce4-4b7c-9710-3f1552ddc304
PID 30248
WAITING (send SIGTERM or kill process)
CREATED C:\Users\shiju\AppData\Local\Temp\.tmpPXWePn\sandbox\g8\harness-temp\crash-8e32dd93-bcc8-4981-8462-9f5746ffbd62
PID 37056
WAITING (send SIGTERM or kill process)
CREATED C:\Users\shiju\AppData\Local\Temp\.tmpalQzct\sandbox\g8\harness-temp\crash-57fd2eb2-9967-4d7c-b73f-8e55bd0adaa2
PID 33920
WAITING (send SIGTERM or kill process)
test g10_concurrent_active_run_preserved ... ok
test g8_crash_recovery_stale_owned_reclaimed ... ok
CREATED C:\Users\shiju\AppData\Local\Temp\.tmpigKwBx\sandbox\g10\harness-temp\active-cb63d9cd-e65a-4ef9-9251-cefc1f4f1702
PID 26760
WAITING (send SIGTERM or kill process)
CREATED C:\Users\shiju\AppData\Local\Temp\.tmpg4dhwr\sandbox\g8\harness-temp\crash-74d195fb-9680-498c-9f15-9531e9f2d7f4
PID 14008
WAITING (send SIGTERM or kill process)
CREATED C:\Users\shiju\AppData\Local\Temp\.tmpRdgmos\sandbox\g10\harness-temp\active-e15bc55d-7379-40d5-8baf-95ed8ef7bfc8
PID 18604
WAITING (send SIGTERM or kill process)
CREATED C:\Users\shiju\AppData\Local\Temp\.tmpftCrON\sandbox\g8\harness-temp\crash-651d3219-2a6c-44d2-8f99-23691f3fe43b
PID 37088
WAITING (send SIGTERM or kill process)
CREATED C:\Users\shiju\AppData\Local\Temp\.tmpWVLrik\sandbox\g10\harness-temp\active-f56d06d0-cc86-4353-a3bc-949cb4485115
PID 40872
WAITING (send SIGTERM or kill process)
CREATED C:\Users\shiju\AppData\Local\Temp\.tmphsSbmm\sandbox\g10\harness-temp\active-40e402b7-c3bd-4b5e-bcf7-5771a59fbd2f
PID 30688
WAITING (send SIGTERM or kill process)
CREATED C:\Users\shiju\AppData\Local\Temp\.tmpnVbV40\sandbox\g8\harness-temp\crash-4082cf71-e57e-4caa-a0ed-cec9ef224427
PID 17876
WAITING (send SIGTERM or kill process)
test g8_repeated_5_times ... ok
CREATED C:\Users\shiju\AppData\Local\Temp\.tmpfrYVU4\sandbox\g10\harness-temp\active-2e0d2f28-61af-4708-a90d-8b6f47ea1572
PID 36760
WAITING (send SIGTERM or kill process)
CREATED C:\Users\shiju\AppData\Local\Temp\.tmpPqF8uD\sandbox\g10\harness-temp\active-078c72c5-a14d-4e04-9273-58a863609d8a
PID 38584
WAITING (send SIGTERM or kill process)
CREATED C:\Users\shiju\AppData\Local\Temp\.tmpW2ItZF\sandbox\g10\harness-temp\active-660df6e5-6e58-41c5-9446-ba1be5115f46
PID 33476
WAITING (send SIGTERM or kill process)
CREATED C:\Users\shiju\AppData\Local\Temp\.tmpFeHlof\sandbox\g10\harness-temp\active-71635376-17c7-45a9-b979-383009e70f78
PID 9396
WAITING (send SIGTERM or kill process)
CREATED C:\Users\shiju\AppData\Local\Temp\.tmpRxGVPA\sandbox\g10\harness-temp\active-4e6b3008-6dc2-464c-8c61-da6863d2c078
PID 37576
WAITING (send SIGTERM or kill process)
test g10_repeated_10_times ... ok

test result: ok. 4 passed; 0 failed; 0 ignored; 0 measured; 0 filtered out; finished in 11.70s

     Running tests\liveness_e2e_evidence.rs (target\debug\deps\liveness_e2e_evidence-0766a7b427ec37ad.exe)

running 3 tests
test e2e_bom_marker_read_correctly ... ok
test e2e_active_run_not_deleted ... ok
test e2e_cli_cleanup_with_bom_free_marker ... ok

test result: ok. 3 passed; 0 failed; 0 ignored; 0 measured; 0 filtered out; finished in 0.03s

     Running tests\persistence_closure.rs (target\debug\deps\persistence_closure-23137aca2d3aaeb0.exe)

running 20 tests
test operation_complete_duplicate_idempotent ... ok
test event_log_stream_version_unique ... ok
test idempotency_sequential_duplicate ... ok
test table_count_10_business_tables ... ok
test store_resource_claim_persist ... ok
test idempotency_error_retryable_same_hash ... ok
test store_workspace_lease_acquire_release ... ok
test store_task_dependency_persist ... ok
test idempotency_concurrent_only_one_owner ... ok
test event_log_idempotency_key_unique ... ok
test store_runtime_profile_persist_read ... ok
test database_busy_timeout_not_zero ... ok
test concurrent_optimistic_conflict_on_same_project ... ok
test transition_idempotent_key_no_duplicate_event ... ok
test transition_illegal_rollback_no_event ... ok
test task_retry_creates_new_execution_old_immutable ... ok
test transition_optimistic_conflict_no_event ... ok
test transition_terminal_rejection ... ok
test transition_atomic_state_and_event ... ok
test operation_find_stale ... ok

test result: ok. 20 passed; 0 failed; 0 ignored; 0 measured; 0 filtered out; finished in 2.26s

     Running tests\process_capture.rs (target\debug\deps\process_capture-e08e5c92b72f72b2.exe)

running 14 tests
test invalid_utf8_safe ... ok
test known_secret_redacted ... ok
test spool_reference_readable ... ok
test spool_created ... ok
test spool_cleanup_policy ... ok
test cancel_vs_natural_exit_single_outcome ... ok
test flood_stdout_no_deadlock ... ok
test output_limit_enforced ... ok
test no_residual_descendants ... ok
test grandchild_tree_terminated ... ok
test flood_stderr_no_deadlock ... ok
test flood_both_no_deadlock ... ok
test timeout_vs_cancel_single_outcome ... ok
test timeout_vs_natural_exit_single_outcome ... ok

test result: ok. 14 passed; 0 failed; 0 ignored; 0 measured; 0 filtered out; finished in 1.51s

     Running tests\process_integration.rs (target\debug\deps\process_integration-440d4afc1e96bcfc.exe)

running 14 tests
test process_invalid_executable ... ok
test process_wait_helper_reaches_completion ... ok
test reconciler_idempotent ... ok
test reconciler_marks_lost_when_registry_empty ... ok
test operation_claim_only_one_succeeds ... ok
test idempotency_two_reconciler_claim_one_winner ... ok
test process_env_injection_and_removal ... ok
test process_cwd_correct ... ok
test process_success_exit_capture_stdout ... ok
test process_non_zero_exit ... ok
test process_cancel_running ... ok
test process_cancel_idempotent ... ok
test process_explicit_timeout ... ok
test operation_claim_old_owner_cannot_complete ... ok

test result: ok. 14 passed; 0 failed; 0 ignored; 0 measured; 0 filtered out; finished in 3.26s

     Running tests\real_i4_e2e_tests.rs (target\debug\deps\real_i4_e2e_tests-4dcd616df3cf73fd.exe)

running 5 tests
test test_real_i4_two_pool_full_lifecycle ... ok
test test_real_i4_first_attempt_pass ... ok
test test_real_i4_crash_restart ... ok
test test_real_i4_workspace_continuation ... ok
test test_real_i4_repair_then_pass ... ok

test result: ok. 5 passed; 0 failed; 0 ignored; 0 measured; 0 filtered out; finished in 7.45s

     Running tests\resource_claim_closure.rs (target\debug\deps\resource_claim_closure-6cbb62b82ca50d0c.exe)

running 13 tests
test test_replace_atomic_old_released_new_active ... ok
test test_reconciler_detects_repository_identity_mismatch ... ok
test test_no_partial_group_on_any_failure ... ok
test test_cross_pool_same_ikey_different_hash_conflict ... ok
test test_response_lost_retry_no_duplicate_event ... ok
test test_cross_pool_directory_vs_exact_one_winner ... ok
test test_replace_response_lost_retry_idempotent ... ok
test test_concurrent_same_ikey_no_db_error ... ok
test test_cross_pool_same_ikey_hash_idempotent ... ok
test test_cross_pool_read_read_both_succeed ... ok
test test_cross_pool_concurrent_exact_write_one_winner ... ok
test test_reconciler_detects_incomplete_claim_group ... ok
test test_cross_pool_different_repos_both_succeed ... ok

test result: ok. 13 passed; 0 failed; 0 ignored; 0 measured; 0 filtered out; finished in 1.17s

     Running tests\resource_claim_integration.rs (target\debug\deps\resource_claim_integration-e695050688e3fb3c.exe)

running 19 tests
test test_adapter_glob_directory_prefix ... ok
test test_adapter_exact_write_from_envelope ... ok
test test_replace_with_current_fencing_succeeds ... ok
test test_claim_expiry_bounded_by_lease ... ok
test test_stale_fencing_acquire_rejected ... ok
test test_replace_with_stale_fencing_rejected ... ok
test test_execution_terminal_claims_expired_by_reconciler ... ok
test test_stale_fencing_renew_rejected ... ok
test test_reconciler_detects_conflicting_active_invariant ... ok
test test_terminal_group_cannot_reactivate ... ok
test test_reacquire_creates_new_group_id ... ok
test test_lease_token_absent_from_events_and_errors ... ok
test test_released_lease_acquire_rejected ... ok
test test_old_owner_release_rejected ... ok
test test_concurrent_reconcilers_no_duplicates ... ok
test test_valid_guard_acquire_succeeds ... ok
test test_wrong_lease_token_rejected ... ok
test test_worktree_removed_claims_expired ... ok
test test_claim_cannot_exceed_lease_expiry ... ok

test result: ok. 19 passed; 0 failed; 0 ignored; 0 measured; 0 filtered out; finished in 4.16s

     Running tests\resource_claim_persistence.rs (target\debug\deps\resource_claim_persistence-e49580d1c075ac66.exe)

running 22 tests
test test_active_indexes_history_behavior ... ok
test test_no_partial_group_after_injected_failure ... ok
test test_expire_due_groups ... ok
test test_concurrent_exact_write_one_winner ... ok
test test_multi_resource_all_succeed ... ok
test test_different_repositories_both_succeed ... ok
test test_commit_success_response_lost_retry ... ok
test test_acquire_empty_group_rejected ... ok
test test_one_conflict_means_none_inserted ... ok
test test_concurrent_read_read_both_succeed ... ok
test test_conflict_detection_via_check ... ok
test test_concurrent_directory_exact_one_winner ... ok
test test_acquire_success ... ok
test test_lifecycle_optimistic_locking ... ok
test test_repeated_idempotent_acquire ... ok
test test_release_success ... ok
test test_same_key_different_hash_rejected ... ok
test test_repeated_release_idempotent ... ok
test test_replace_conflict_preserves_old_group ... ok
test test_replace_success ... ok
test test_state_and_event_atomic ... ok
test test_separate_connections_concurrency ... ok

test result: ok. 22 passed; 0 failed; 0 ignored; 0 measured; 0 filtered out; finished in 1.92s

     Running tests\running_agent_cancellation.rs (target\debug\deps\running_agent_cancellation-153a33fb0c591b14.exe)

running 5 tests
test cancel_nonexistent_is_noop ... ok
test cancel_response_lost_retry_still_cancelled ... ok
test duplicate_cancel_request_idempotent ... ok
test cancel_running_agent_terminates_process_tree ... ok
test grandchild_tree_terminated_certification ... ok

test result: ok. 5 passed; 0 failed; 0 ignored; 0 measured; 0 filtered out; finished in 0.57s

     Running tests\scheduler_orchestrator_tests.rs (target\debug\deps\scheduler_orchestrator_tests-6788c7f37432759b.exe)

running 6 tests
test takeover_after_success ... ok
test adapter_failure_releases_resources ... ok
test concurrent_dispatch_two_pools_one_winner ... ok
test golden_path_success_retains_resources ... ok
test response_lost_no_duplicate_agent ... ok
test heartbeat_continues_after_dispatch ... ok

test result: ok. 6 passed; 0 failed; 0 ignored; 0 measured; 0 filtered out; finished in 5.42s

     Running tests\task_engineering_loop.rs (target\debug\deps\task_engineering_loop-48aa5c705c13410c.exe)

running 21 tests
test test_budget_ok_within_limits ... ok
test test_cycle_detection ... ok
test test_budget_hard_attempt_limit ... ok
test test_decision_complete_candidate ... ok
test test_decision_cancelled_overrides_all ... ok
test test_decision_security_blocker_awaits_human ... ok
test test_no_cycle_with_two ... ok
test test_budget_unknown_tokens_with_hard_mode ... ok
test test_decision_non_retryable ... ok
test test_decision_reconciliation_blocks_repair ... ok
test test_progress_detection_no_progress ... ok
test test_progress_detection_partial_progress ... ok
test test_create_loop_idempotent ... ok
test test_start_loop_acquires_ownership ... ok
test test_reconciler_advances_created_loop ... ok
test test_two_pool_create_loop_one_winner ... ok
test test_prepare_attempt_creates_new_ordinal ... ok
test test_reconciler_noop_on_terminal ... ok
test test_one_active_loop_per_task ... ok
test test_cancel_loop_terminal ... ok
test test_response_lost_create_loop ... ok

test result: ok. 21 passed; 0 failed; 0 ignored; 0 measured; 0 filtered out; finished in 0.78s

     Running tests\task_loop_fault_tests.rs (target\debug\deps\task_loop_fault_tests-1678875cc45ba6b7.exe)

running 61 tests
test test_fc06_attempt_insert_before_effect ... ok
test test_cli_inspect_shows_durable_facts ... ok
test test_cli_resume_idempotent ... ok
test test_fc02_loop_insert_response_lost ... ok
test test_fc05_stale_takeover_response_lost ... ok
test test_fc09_budget_reservation_response_lost ... ok
test test_fc08_budget_reservation_before_effect ... ok
test test_cli_cancel_formal ... ok
test test_fc01_loop_insert_before_effect ... ok
test test_fc04_ownership_response_lost ... ok
test test_cli_dry_run_zero_writes ... ok
test test_fc07_attempt_insert_response_lost ... ok
test test_cli_start_idempotent ... ok
test test_fc03_ownership_before_effect ... ok
test test_fc10_profile_selection_before_effect ... ok
test test_fc13_execution_create_response_lost ... ok
test test_fc14_execution_binding_before_effect ... ok
test test_fc26_workspace_continuation_before_effect ... ok
test test_fc19_dossier_read_failure ... ok
test test_fc16_dispatch_before_effect ... ok
test test_fc18_outcome_observation_failure ... ok
test test_fc24_usage_write_before_effect ... ok
test test_fc23_context_pack_response_lost ... ok
test test_fc15_execution_binding_response_lost ... ok
test test_fc11_profile_selection_response_lost ... ok
test test_gp03_progressive_repairs_budget_allows ... ok
test test_gp04_no_progress_stop ... ok
test test_gp05_cycle_detection ... ok
test test_fc12_execution_create_before_effect ... ok
test test_gp06_hard_attempt_budget ... ok
test test_gp07_unknown_token_usage ... ok
test test_gp09_hard_tool_call_budget ... ok
test test_gp08_hard_token_budget ... ok
test test_gp10_hard_cost_budget ... ok
test test_gp11_infrastructure_blocked ... ok
test test_gp12_reconciliation_required ... ok
test test_gp13_awaiting_human ... ok
test test_gp15_cancellation_classification ... ok
test test_gp14_project_escalation ... ok
test test_gp16_cancellation_overrides ... ok
test test_gp26_profile_selection_all_scenarios ... ok
test test_gp27_context_security ... ok
test test_fc22_context_pack_before_effect ... ok
test test_fc21_decision_response_lost ... ok
test test_fc20_decision_insert_before_effect ... ok
test test_fc17_dispatch_response_lost ... ok
test test_fc28_terminal_transition_response_lost ... ok
test test_fc25_usage_response_lost ... ok
test test_fc27_workspace_transfer_response_lost ... ok
test test_fc30_owner_fencing_change_before_effect ... ok
test test_fc29_terminal_event_response_lost ... ok
test test_gp23_two_pool_full_controller ... ok
test test_owner_takeover_blocks_old_owner ... ok
test test_gp01_first_attempt_passes ... ok
test test_two_pool_loser_zero_side_effects ... ok
test test_gp02_one_repair_then_pass ... ok
test test_stale_fencing_rejected ... ok
test test_two_pool_attempt_creation_one_winner ... ok
test test_two_pool_loop_creation_one_winner ... ok
test test_flaky_policy_scanner_100_repeats ... ok
test test_repeat_two_pool_attempt_creation_100 ... ok

test result: ok. 61 passed; 0 failed; 0 ignored; 0 measured; 0 filtered out; finished in 32.30s

     Running tests\task_loop_i4_integration.rs (target\debug\deps\task_loop_i4_integration-5866ae3fba8b7b81.exe)

running 33 tests
test test_cost_budget_exhausted ... ok
test test_no_progress_stop ... ok
test test_output_token_budget_exhausted ... ok
test test_profile_policy_allows_switch_within_provider ... ok
test test_profile_policy_rejects_cross_provider ... ok
test test_profile_policy_rejects_outside_allowlist ... ok
test test_profile_policy_rejects_switches_when_disabled ... ok
test test_profile_policy_selects_preferred ... ok
test test_completion_eligibility_all_gates_pass ... ok
test test_completion_eligibility_rejects_failed_outcome ... ok
test test_token_budget_hard_exhausted ... ok
test test_tool_call_budget_exhausted ... ok
test test_response_lost_create_loop_idempotent ... ok
test test_completion_eligibility_rejects_missing_dossier ... ok
test test_workspace_continuation_accepts_initial ... ok
test test_workspace_continuation_rejects_empty_fields ... ok
test test_workspace_continuation_rejects_missing_commits ... ok
test test_workspace_continuation_rejects_missing_diff_fingerprint ... ok
test test_workspace_continuation_rejects_nonexistent_path ... ok
test test_one_repair_then_pass ... ok
test test_cancel_wrong_owner_rejected ... ok
test test_context_pack_no_secret_in_payload ... ok
test test_reconciler_all_nonterminal_states_handled ... ok
test test_completion_eligibility_rejects_stale_ownership ... ok
test test_completion_eligibility_rejects_active_process ... ok
test test_completion_eligibility_rejects_fabricated_passed ... ok
test test_prepare_attempt_rejects_invalid_continuation ... ok
test test_first_attempt_passes ... ok
test test_cancel_loop_during_active_attempt ... ok
test test_two_pool_full_lifecycle_one_winner ... ok
test test_response_lost_dispatch_one_execution ... ok
test test_two_pool_attempt_creation_one_winner ... ok
test test_workspace_continuation_validates_git_head ... ok

test result: ok. 33 passed; 0 failed; 0 ignored; 0 measured; 0 filtered out; finished in 2.13s

     Running tests\verification_finalization_recovery.rs (target\debug\deps\verification_finalization_recovery-51dc7ea47aecf917.exe)

running 32 tests
test crash_after_heartbeat_effect_restart ... ok
test crash_after_outcome_commit_restart_runs_all_steps ... ok
test crash_after_lease_effect_restart ... ok
test c8_schedule_b_released_event_crash_resume ... ok
test crash_after_handoff_effect_restart ... ok
test crash_after_claim_effect_restart_skips_claim ... ok
test fault_10_response_lost_after_heartbeat ... ok
test crash_after_released_event_restart ... ok
test c8_schedule_c_released_event_done_crash_before_completion ... ok
test crash_after_claim_step_claimed_before_effect ... ok
test c8_schedule_a_handoff_pause_worker_b_resumes ... ok
test c8_schedule_e_completion_response_lost_retry ... ok
test crash_before_operation_completion_restart ... ok
test fault_13_worktree_disappears_mid_release ... ok
test c8_schedule_d_old_owner_takeover_old_rejected ... ok
test fault_11_response_lost_after_handoff ... ok
test fault_12_mid_release_takeover_stops_everything ... ok
test fault_8_response_lost_after_claim ... ok
test fault_1_claim_release_failure ... ok
test fault_7_response_lost_after_full_outcome ... ok
test fault_9_response_lost_after_lease ... ok
test fault_5_handoff_ok_event_failure ... ok
test fault_2_claim_ok_lease_failure ... ok
test resume_counts_claim_completed ... ok
test resume_counts_handoff_completed_only_event_and_completion ... ok
test resume_counts_lease_completed ... ok
test resume_counts_heartbeat_completed ... ok
test two_pool_finalizer_strict_exactly_once ... ok
test resume_counts_release_not_started ... ok
test fault_4_heartbeat_ok_handoff_failure ... ok
test fault_3_lease_ok_heartbeat_failure ... ok
test fault_6_operation_completion_failure ... ok

test result: ok. 32 passed; 0 failed; 0 ignored; 0 measured; 0 filtered out; finished in 5.04s

     Running tests\verification_policy_real_git.rs (target\debug\deps\verification_policy_real_git-7523a1b5c7e662ff.exe)

running 11 tests
test test_real_git_secret_in_untracked_file ... ok
test test_real_git_baseline_mismatch_detected ... ok
test test_real_git_clean_worktree ... ok
test test_real_git_unstaged_modification_detected ... ok
test test_real_git_deleted_file_detected ... ok
test test_real_git_untracked_file_detected ... ok
test test_real_git_idempotent_no_rescan ... ok
test test_real_git_two_pool_one_scanner ... ok
test test_real_git_rename_detected ... ok
test test_real_git_staged_modification_detected ... ok
test test_real_git_added_file_detected ... ok

test result: ok. 11 passed; 0 failed; 0 ignored; 0 measured; 0 filtered out; finished in 2.49s

     Running tests\verification_reconciliation_recovery.rs (target\debug\deps\verification_reconciliation_recovery-7ccc219ac821a848.exe)

running 25 tests
test invalidate_on_lease_change ... ok
test invalidate_on_fencing_change ... ok
test invalidate_on_heartbeat_change ... ok
test exited_child_with_running_operation_blocks_release ... ok
test active_scanner_blocks_release ... ok
test invalidate_on_handoff_change ... ok
test invalidate_on_claim_change ... ok
test invalidate_on_owner_change ... ok
test invalidate_on_worktree_change ... ok
test fault_14_db_runtime_heartbeat_mismatch ... ok
test dossier_fingerprint_conflict_awaits_human_and_never_overwrites ... ok
test active_real_child_process_blocks_release ... ok
test irrecoverable_ambiguity_resources_without_ownership_record ... ok
test complete_operation_record_backfills_completion_only ... ok
test outcome_conflict_terminal_run_without_outcome ... ok
test repair_missing_blocked_event ... ok
test process_state_unknown_blocks_release ... ok
test reconciliation_required_operation_blocks_release ... ok
test repair_missing_cancelled_event ... ok
test repair_missing_dossier_from_immutable_facts ... ok
test repair_missing_resources_released_event ... ok
test scanner_state_unknown_blocks_release ... ok
test repair_missing_failed_event ... ok
test repair_missing_passed_event ... ok
test two_pool_reconciler_strict_exactly_once ... ok

test result: ok. 25 passed; 0 failed; 0 ignored; 0 measured; 0 filtered out; finished in 2.75s

     Running tests\workspace_diff.rs (target\debug\deps\workspace_diff-00d4296b9d3f6845.exe)

running 9 tests
test approval_persistence_roundtrip ... ok
test reconciler_marks_stale_fencing_and_invalidates ... ok
test reconciler_marks_lost_artifact ... ok
test invalidated_evidence_not_reused_for_idempotency ... ok
test diff_rename_validates_both_sides ... ok
test diff_binary_detected ... ok
test diff_flags_out_of_scope ... ok
test diff_detects_staged_unstaged_untracked ... ok
test validate_workspace_diff_persists_evidence_and_fencing ... ok

test result: ok. 9 passed; 0 failed; 0 ignored; 0 measured; 0 filtered out; finished in 1.44s

     Running tests\workspace_lease.rs (target\debug\deps\workspace_lease-28b92f68b0b1d4b5.exe)

running 58 tests
test clock_advance_before_expiry ... ok
test concurrent_acquire_one_succeeds ... ok
test execution_terminal_rejected ... ok
test expire_writes_event ... ok
test current_lease_owner_cannot_normal_remove ... ok
test acquire_rejects_sidecar_path_mismatch ... ok
test acquire_rejects_sidecar_identity_mismatch ... ok
test acquire_rejects_branch_mismatch ... ok
test acquire_success ... ok
test active_lease_blocks_second ... ok
test acquire_writes_event ... ok
test acquire_retry_after_response_lost_returns_same_lease ... ok
test acquire_rejects_worktree_removed_status ... ok
test active_lease_blocks_worktree_remove ... ok
test expired_reconciled_lease_allows_remove ... ok
test heartbeat_does_not_regress ... ok
test expired_lease_no_heartbeat ... ok
test heartbeat_vs_release_single_winner ... ok
test old_owner_release_rejected ... ok
test old_owner_heartbeat_fails_after_takeover ... ok
test lease_token_not_in_debug_or_display ... ok
test reacquire_new_id_and_higher_fencing_token ... ok
test lease_auto_expires ... ok
test one_active_per_worktree ... ok
test heartbeat_success ... ok
test heartbeat_vs_expire_single_winner ... ok
test reconcile_expired_active ... ok
test reacquire_new_lease_id ... ok
test lease_token_not_in_event_payload ... ok
test one_active_per_execution ... ok
test one_active_per_task ... ok
test heartbeat_extends_expires ... ok
test reconcile_execution_terminal ... ok
test reconcile_supervisor_mismatch ... ok
test release_produces_exactly_one_event ... ok
test reconcile_worktree_missing ... ok
test released_lease_allows_remove ... ok
test release_success ... ok
test release_writes_event ... ok
test repeated_release_idempotent ... ok
test released_lease_does_not_block_reacquire ... ok
test released_lease_permits_normal_remove ... ok
test runner_cycles ... ok
test repeated_reconciliation_no_dupes ... ok
test repeated_release_no_second_event ... ok
test stale_fencing_token_blocks_remove ... ok
test same_ikey_returns_same_lease ... ok
test stale_fencing_rejects_admin_remove ... ok
test single_active_lease_per_worktree_index_enforced ... ok
test valid_admin_recovery_credential_accepted ... ok
test terminal_lease_no_reanimate ... ok
test validate_accepts_current ... ok
test wrong_token_heartbeat_rejected ... ok
test wrong_fencing_heartbeat_rejected ... ok
test worktree_missing_rejected ... ok
test validate_rejects_old ... ok
test runner_stops_on_expired has been running for over 60 seconds
test runner_stops_on_token_mismatch has been running for over 60 seconds
test runner_stops_on_expired ... ok
test runner_stops_on_token_mismatch ... ok

test result: ok. 58 passed; 0 failed; 0 ignored; 0 measured; 0 filtered out; finished in 66.46s

     Running tests\workspace_policy.rs (target\debug\deps\workspace_policy-a721faef7f37feba.exe)

running 56 tests
test allowed_build_tool_passes ... ok
test binary_file_skipped ... ok
test command_fingerprint_is_deterministic ... ok
test credential_file_path_detected ... ok
test deleted_secret_does_not_block ... ok
test env_mutation_denied ... ok
test approval_fingerprint_mismatch_rejected_by_validator ... ok
test clean_diff_passes_scan_check ... ok
test fingerprint_mismatch_rejected ... ok
test finding_contains_no_raw_secret ... ok
test git_branch_delete_requires_approval_or_denied ... ok
test git_clean_fdx_detected ... ok
test git_config_global_denied ... ok
test git_push_requires_approval ... ok
test git_worktree_add_not_read_only ... ok
test git_reset_hard_detected ... ok
test global_package_install_denied ... ok
test high_entropy_detected ... ok
test known_secret_detected_and_redacted ... ok
test no_raw_secret_in_any_finding_kind ... ok
test npx_requires_approval ... ok
test node_e_requires_approval ... ok
test absolute_path_rejected ... ok
test private_key_header_detected ... ok
test exact_file_allowed ... ok
test directory_prefix_allow ... ok
test python_c_requires_approval ... ok
test denied_scope_priority ... ok
test read_only_git_allowed ... ok
test nonexistent_under_symlink_ancestor_caught ... ok
test recursive_delete_denied ... ok
test glob_allow ... ok
test harness_metadata_protected ... ok
test shell_denied ... ok
test git_metadata_protected ... ok
test outside_scope_denied ... ok
test prefix_confusion_detected ... ok
test token_pattern_detected ... ok
test reserved_device_name_rejected ... ok
test unknown_command_requires_approval ... ok
test traversal_rejected ... ok
test utf8_cjk_secret_scanned ... ok
test large_file_truncation_noted ... ok
test same_args_different_executable_no_cache_collision ... ok
test policy_service_refuses_command_eval_without_store ... ok
test scan_evidence_persisted ... ok
test unverified_constructor_is_explicitly_test_only ... ok
test stale_fencing_evidence_invalidated ... ok
test same_args_different_cwd_no_cache_collision ... ok
test valid_fencing_guard_accepted_by_service ... ok
test scope_decision_not_stored_with_raw_token ... ok
test stale_fencing_cannot_create_command_evidence ... ok
test production_constructor_requires_git_verifier ... ok
test evidence_idempotency_by_fingerprint ... ok
test all_outputs_contain_no_lease_token ... ok
test stale_fencing_cannot_create_scan_evidence ... ok

test result: ok. 56 passed; 0 failed; 0 ignored; 0 measured; 0 filtered out; finished in 1.13s

     Running tests\worktree_manager.rs (target\debug\deps\worktree_manager-a9bee12c8e36cb59.exe)

running 30 tests
test branch_name_sanitization_via_git ... ok
test dirty_repository_detection ... ok
test head_and_base_commit_resolution ... ok
test non_git_path_rejected ... ok
test existing_target_path_rejected ... ok
test branch_collision_rejected ... ok
test concurrent_create_only_one_succeeds ... ok
test create_worktree_succeeds ... ok
test dirty_worktree_removal_refused_by_default ... ok
test path_escape_rejected_on_create ... ok
test create_ownership_metadata_correct ... ok
test inspect_clean_worktree ... ok
test nonexistent_base_commit_rejected ... ok
test repo_lock_serializes_same_repo_and_parallelizes_different ... ok
test create_branch_is_correct ... ok
test inspect_dirty_worktree ... ok
test clean_worktree_removed ... ok
test create_head_is_base_commit ... ok
test reconcile_stale_temp_entries_cleaned ... ok
test reconcile_create_crash_before_db_write ... ok
test reconcile_db_record_with_missing_fs ... ok
test repository_root_inspection ... ok
test repository_root_removal_refused ... ok
test reconcile_git_worktree_with_missing_metadata ... ok
test repeated_create_is_idempotent ... ok
test reconcile_owner_mismatch_never_deletes ... ok
test reconcile_remove_crash_before_db_write ... ok
test unverifiable_ownership_removal_refused ... ok
test repeated_remove_is_idempotent ... ok
test worktree_porcelain_listing ... ok

test result: ok. 30 passed; 0 failed; 0 ignored; 0 measured; 0 filtered out; finished in 11.02s

   Doc-tests harness_adapters

running 0 tests

test result: ok. 0 passed; 0 failed; 0 ignored; 0 measured; 0 filtered out; finished in 0.00s

   Doc-tests harness_core

running 0 tests

test result: ok. 0 passed; 0 failed; 0 ignored; 0 measured; 0 filtered out; finished in 0.00s

   Doc-tests harness_runtime

running 0 tests

test result: ok. 0 passed; 0 failed; 0 ignored; 0 measured; 0 filtered out; finished in 0.00s

